ARM Linker, 5.03 [Build 76] [MDK-ARM Standard]

==============================================================================

Section Cross References

    startup_stm32f10x_hd.o(RESET) refers to startup_stm32f10x_hd.o(STACK) for __initial_sp
    startup_stm32f10x_hd.o(RESET) refers to startup_stm32f10x_hd.o(.text) for Reset_Handler
    startup_stm32f10x_hd.o(RESET) refers to stm32f10x_it.o(i.NMI_Handler) for NMI_Handler
    startup_stm32f10x_hd.o(RESET) refers to stm32f10x_it.o(i.HardFault_Handler) for HardFault_Handler
    startup_stm32f10x_hd.o(RESET) refers to stm32f10x_it.o(i.MemManage_Handler) for MemManage_Handler
    startup_stm32f10x_hd.o(RESET) refers to stm32f10x_it.o(i.BusFault_Handler) for BusFault_Handler
    startup_stm32f10x_hd.o(RESET) refers to stm32f10x_it.o(i.UsageFault_Handler) for UsageFault_Handler
    startup_stm32f10x_hd.o(RESET) refers to stm32f10x_it.o(i.SVC_Handler) for SVC_Handler
    startup_stm32f10x_hd.o(RESET) refers to stm32f10x_it.o(i.DebugMon_Handler) for DebugMon_Handler
    startup_stm32f10x_hd.o(RESET) refers to stm32f10x_it.o(i.PendSV_Handler) for PendSV_Handler
    startup_stm32f10x_hd.o(RESET) refers to stm32f10x_it.o(i.SysTick_Handler) for SysTick_Handler
    startup_stm32f10x_hd.o(RESET) refers to stm32f10x_it.o(i.SDIO_IRQHandler) for SDIO_IRQHandler
    startup_stm32f10x_hd.o(.text) refers to system_stm32f10x.o(i.SystemInit) for SystemInit
    startup_stm32f10x_hd.o(.text) refers to entry.o(.ARM.Collect$$$$00000000) for __main
    system_stm32f10x.o(i.SetSysClock) refers to system_stm32f10x.o(i.SetSysClockTo72) for SetSysClockTo72
    system_stm32f10x.o(i.SystemCoreClockUpdate) refers to system_stm32f10x.o(.data) for SystemCoreClock
    system_stm32f10x.o(i.SystemInit) refers to system_stm32f10x.o(i.SetSysClock) for SetSysClock
    main.o(i.SD_EraseTest) refers to bsp_sdio_sdcard.o(i.SD_Erase) for SD_Erase
    main.o(i.SD_EraseTest) refers to printf1.o(i.__0printf$1) for __2printf
    main.o(i.SD_EraseTest) refers to bsp_sdio_sdcard.o(i.SD_ReadMultiBlocks) for SD_ReadMultiBlocks
    main.o(i.SD_EraseTest) refers to bsp_sdio_sdcard.o(i.SD_WaitReadOperation) for SD_WaitReadOperation
    main.o(i.SD_EraseTest) refers to bsp_sdio_sdcard.o(i.SD_GetStatus) for SD_GetStatus
    main.o(i.SD_EraseTest) refers to main.o(i.eBuffercmp) for eBuffercmp
    main.o(i.SD_EraseTest) refers to main.o(.data) for Status
    main.o(i.SD_EraseTest) refers to main.o(.bss) for Buffer_MultiBlock_Rx
    main.o(i.SD_MultiBlockTest) refers to main.o(i.Fill_Buffer) for Fill_Buffer
    main.o(i.SD_MultiBlockTest) refers to bsp_sdio_sdcard.o(i.SD_WriteMultiBlocks) for SD_WriteMultiBlocks
    main.o(i.SD_MultiBlockTest) refers to bsp_sdio_sdcard.o(i.SD_WaitWriteOperation) for SD_WaitWriteOperation
    main.o(i.SD_MultiBlockTest) refers to bsp_sdio_sdcard.o(i.SD_GetStatus) for SD_GetStatus
    main.o(i.SD_MultiBlockTest) refers to printf1.o(i.__0printf$1) for __2printf
    main.o(i.SD_MultiBlockTest) refers to bsp_sdio_sdcard.o(i.SD_ReadMultiBlocks) for SD_ReadMultiBlocks
    main.o(i.SD_MultiBlockTest) refers to bsp_sdio_sdcard.o(i.SD_WaitReadOperation) for SD_WaitReadOperation
    main.o(i.SD_MultiBlockTest) refers to main.o(i.Buffercmp) for Buffercmp
    main.o(i.SD_MultiBlockTest) refers to main.o(.bss) for Buffer_MultiBlock_Tx
    main.o(i.SD_MultiBlockTest) refers to main.o(.data) for Status
    main.o(i.SD_SingleBlockTest) refers to main.o(i.Fill_Buffer) for Fill_Buffer
    main.o(i.SD_SingleBlockTest) refers to bsp_sdio_sdcard.o(i.SD_WriteBlock) for SD_WriteBlock
    main.o(i.SD_SingleBlockTest) refers to bsp_sdio_sdcard.o(i.SD_WaitWriteOperation) for SD_WaitWriteOperation
    main.o(i.SD_SingleBlockTest) refers to bsp_sdio_sdcard.o(i.SD_GetStatus) for SD_GetStatus
    main.o(i.SD_SingleBlockTest) refers to bsp_sdio_sdcard.o(i.SD_ReadBlock) for SD_ReadBlock
    main.o(i.SD_SingleBlockTest) refers to bsp_sdio_sdcard.o(i.SD_WaitReadOperation) for SD_WaitReadOperation
    main.o(i.SD_SingleBlockTest) refers to main.o(i.Buffercmp) for Buffercmp
    main.o(i.SD_SingleBlockTest) refers to printf1.o(i.__0printf$1) for __2printf
    main.o(i.SD_SingleBlockTest) refers to main.o(.bss) for Buffer_Block_Tx
    main.o(i.SD_SingleBlockTest) refers to main.o(.data) for Status
    main.o(i.main) refers to bsp_sdio_sdcard.o(i.NVIC_Configuration) for NVIC_Configuration
    main.o(i.main) refers to bsp_usart1.o(i.USART1_Config) for USART1_Config
    main.o(i.main) refers to bsp_sdio_sdcard.o(i.SD_Init) for SD_Init
    main.o(i.main) refers to printf1.o(i.__0printf$1) for __2printf
    main.o(i.main) refers to main.o(i.SD_EraseTest) for SD_EraseTest
    main.o(i.main) refers to main.o(i.SD_SingleBlockTest) for SD_SingleBlockTest
    main.o(i.main) refers to main.o(i.SD_MultiBlockTest) for SD_MultiBlockTest
    main.o(i.main) refers to bsp_sdio_sdcard.o(.bss) for SDCardInfo
    stm32f10x_it.o(i.SDIO_IRQHandler) refers to bsp_sdio_sdcard.o(i.SD_ProcessIRQSrc) for SD_ProcessIRQSrc
[...]
    bsp_sdio_sdcard.o(i.SD_PowerON) refers to bsp_sdio_sdcard.o(.bss) for SDIO_InitStructure
    bsp_sdio_sdcard.o(i.SD_PowerON) refers to bsp_sdio_sdcard.o(.data) for CardType
    bsp_sdio_sdcard.o(i.SD_ProcessIRQSrc) refers to bsp_sdio_sdcard.o(i.CmdResp1Error) for CmdResp1Error
    bsp_sdio_sdcard.o(i.SD_ProcessIRQSrc) refers to stm32f10x_sdio.o(i.SDIO_ClearITPendingBit) for SDIO_ClearITPendingBit
    bsp_sdio_sdcard.o(i.SD_ProcessIRQSrc) refers to stm32f10x_sdio.o(i.SDIO_ITConfig) for SDIO_ITConfig
    bsp_sdio_sdcard.o(i.SD_ProcessIRQSrc) refers to bsp_sdio_sdcard.o(.data) for StopCondition
    bsp_sdio_sdcard.o(i.SD_ReadBlock) refers to stm32f10x_sdio.o(i.SDIO_SendCommand) for SDIO_SendCommand
    bsp_sdio_sdcard.o(i.SD_ReadBlock) refers to bsp_sdio_sdcard.o(i.CmdResp1Error) for CmdResp1Error
    bsp_sdio_sdcard.o(i.SD_ReadBlock) refers to stm32f10x_sdio.o(i.SDIO_DataConfig) for SDIO_DataConfig
    bsp_sdio_sdcard.o(i.SD_ReadBlock) refers to stm32f10x_sdio.o(i.SDIO_ITConfig) for SDIO_ITConfig
    bsp_sdio_sdcard.o(i.SD_ReadBlock) refers to stm32f10x_sdio.o(i.SDIO_DMACmd) for SDIO_DMACmd
    bsp_sdio_sdcard.o(i.SD_ReadBlock) refers to bsp_sdio_sdcard.o(i.SD_DMA_RxConfig) for SD_DMA_RxConfig
    bsp_sdio_sdcard.o(i.SD_ReadBlock) refers to bsp_sdio_sdcard.o(.data) for TransferError
    bsp_sdio_sdcard.o(i.SD_ReadBlock) refers to bsp_sdio_sdcard.o(.bss) for SDIO_CmdInitStructure
    bsp_sdio_sdcard.o(i.SD_ReadMultiBlocks) refers to stm32f10x_sdio.o(i.SDIO_SendCommand) for SDIO_SendCommand
    bsp_sdio_sdcard.o(i.SD_ReadMultiBlocks) refers to bsp_sdio_sdcard.o(i.CmdResp1Error) for CmdResp1Error
    bsp_sdio_sdcard.o(i.SD_ReadMultiBlocks) refers to stm32f10x_sdio.o(i.SDIO_DataConfig) for SDIO_DataConfig
    bsp_sdio_sdcard.o(i.SD_ReadMultiBlocks) refers to stm32f10x_sdio.o(i.SDIO_ITConfig) for SDIO_ITConfig
    bsp_sdio_sdcard.o(i.SD_ReadMultiBlocks) refers to stm32f10x_sdio.o(i.SDIO_DMACmd) for SDIO_DMACmd
    bsp_sdio_sdcard.o(i.SD_ReadMultiBlocks) refers to bsp_sdio_sdcard.o(i.SD_DMA_RxConfig) for SD_DMA_RxConfig
    bsp_sdio_sdcard.o(i.SD_ReadMultiBlocks) refers to bsp_sdio_sdcard.o(.data) for TransferError
    bsp_sdio_sdcard.o(i.SD_ReadMultiBlocks) refers to bsp_sdio_sdcard.o(.bss) for SDIO_CmdInitStructure
    bsp_sdio_sdcard.o(i.SD_SelectDeselect) refers to stm32f10x_sdio.o(i.SDIO_SendCommand) for SDIO_SendCommand
    bsp_sdio_sdcard.o(i.SD_SelectDeselect) refers to bsp_sdio_sdcard.o(i.CmdResp1Error) for CmdResp1Error
    bsp_sdio_sdcard.o(i.SD_SelectDeselect) refers to bsp_sdio_sdcard.o(.bss) for SDIO_CmdInitStructure
    bsp_sdio_sdcard.o(i.SD_SendSDStatus) refers to stm32f10x_sdio.o(i.SDIO_GetResponse) for SDIO_GetResponse
    bsp_sdio_sdcard.o(i.SD_SendSDStatus) refers to stm32f10x_sdio.o(i.SDIO_SendCommand) for SDIO_SendCommand
    bsp_sdio_sdcard.o(i.SD_SendSDStatus) refers to bsp_sdio_sdcard.o(i.CmdResp1Error) for CmdResp1Error
    bsp_sdio_sdcard.o(i.SD_SendSDStatus) refers to stm32f10x_sdio.o(i.SDIO_DataConfig) for SDIO_DataConfig
    bsp_sdio_sdcard.o(i.SD_SendSDStatus) refers to stm32f10x_sdio.o(i.SDIO_GetFlagStatus) for SDIO_GetFlagStatus
    bsp_sdio_sdcard.o(i.SD_SendSDStatus) refers to stm32f10x_sdio.o(i.SDIO_ReadData) for SDIO_ReadData
    bsp_sdio_sdcard.o(i.SD_SendSDStatus) refers to stm32f10x_sdio.o(i.SDIO_ClearFlag) for SDIO_ClearFlag
    bsp_sdio_sdcard.o(i.SD_SendSDStatus) refers to bsp_sdio_sdcard.o(.bss) for SDIO_CmdInitStructure
    bsp_sdio_sdcard.o(i.SD_SendSDStatus) refers to bsp_sdio_sdcard.o(.data) for RCA
    bsp_sdio_sdcard.o(i.SD_SendStatus) refers to bsp_sdio_sdcard.o(i.CmdResp1Error) for CmdResp1Error
    bsp_sdio_sdcard.o(i.SD_SendStatus) refers to bsp_sdio_sdcard.o(.data) for RCA
    bsp_sdio_sdcard.o(i.SD_StopTransfer) refers to bsp_sdio_sdcard.o(i.CmdResp1Error) for CmdResp1Error
    bsp_sdio_sdcard.o(i.SD_WaitReadOperation) refers to printf1.o(i.__0printf$1) for __2printf
    bsp_sdio_sdcard.o(i.SD_WaitReadOperation) refers to bsp_sdio_sdcard.o(i.SD_DMAEndOfTransferStatus) for SD_DMAEndOfTransferStatus
    bsp_sdio_sdcard.o(i.SD_WaitReadOperation) refers to bsp_sdio_sdcard.o(.data) for TransferEnd
    bsp_sdio_sdcard.o(i.SD_WaitWriteOperation) refers to bsp_sdio_sdcard.o(i.SD_DMAEndOfTransferStatus) for SD_DMAEndOfTransferStatus
    bsp_sdio_sdcard.o(i.SD_WaitWriteOperation) refers to stm32f10x_sdio.o(i.SDIO_ClearFlag) for SDIO_ClearFlag
    bsp_sdio_sdcard.o(i.SD_WaitWriteOperation) refers to bsp_sdio_sdcard.o(.data) for TransferEnd
    bsp_sdio_sdcard.o(i.SD_WriteBlock) refers to stm32f10x_sdio.o(i.SDIO_SendCommand) for SDIO_SendCommand
    bsp_sdio_sdcard.o(i.SD_WriteBlock) refers to bsp_sdio_sdcard.o(i.CmdResp1Error) for CmdResp1Error
    bsp_sdio_sdcard.o(i.SD_WriteBlock) refers to stm32f10x_sdio.o(i.SDIO_DataConfig) for SDIO_DataConfig
    bsp_sdio_sdcard.o(i.SD_WriteBlock) refers to stm32f10x_sdio.o(i.SDIO_ITConfig) for SDIO_ITConfig
    bsp_sdio_sdcard.o(i.SD_WriteBlock) refers to bsp_sdio_sdcard.o(i.SD_DMA_TxConfig) for SD_DMA_TxConfig
    bsp_sdio_sdcard.o(i.SD_WriteBlock) refers to stm32f10x_sdio.o(i.SDIO_DMACmd) for SDIO_DMACmd
    bsp_sdio_sdcard.o(i.SD_WriteBlock) refers to bsp_sdio_sdcard.o(.data) for TransferError
    bsp_sdio_sdcard.o(i.SD_WriteBlock) refers to bsp_sdio_sdcard.o(.bss) for SDIO_CmdInitStructure
    bsp_sdio_sdcard.o(i.SD_WriteMultiBlocks) refers to stm32f10x_sdio.o(i.SDIO_SendCommand) for SDIO_SendCommand
    bsp_sdio_sdcard.o(i.SD_WriteMultiBlocks) refers to bsp_sdio_sdcard.o(i.CmdResp1Error) for CmdResp1Error
    bsp_sdio_sdcard.o(i.SD_WriteMultiBlocks) refers to stm32f10x_sdio.o(i.SDIO_DataConfig) for SDIO_DataConfig
    bsp_sdio_sdcard.o(i.SD_WriteMultiBlocks) refers to stm32f10x_sdio.o(i.SDIO_ITConfig) for SDIO_ITConfig
    bsp_sdio_sdcard.o(i.SD_WriteMultiBlocks) refers to stm32f10x_sdio.o(i.SDIO_DMACmd) for SDIO_DMACmd
    bsp_sdio_sdcard.o(i.SD_WriteMultiBlocks) refers to bsp_sdio_sdcard.o(i.SD_DMA_TxConfig) for SD_DMA_TxConfig
    bsp_sdio_sdcard.o(i.SD_WriteMultiBlocks) refers to bsp_sdio_sdcard.o(.data) for TransferError
    bsp_sdio_sdcard.o(i.SD_WriteMultiBlocks) refers to bsp_sdio_sdcard.o(.bss) for SDIO_CmdInitStructure
    bsp_usart1.o(i.USART1_Config) refers to stm32f10x_rcc.o(i.RCC_APB2PeriphClockCmd) for RCC_APB2PeriphClockCmd
    bsp_usart1.o(i.USART1_Config) refers to stm32f10x_gpio.o(i.GPIO_Init) for GPIO_Init
    bsp_usart1.o(i.USART1_Config) refers to stm32f10x_usart.o(i.USART_Init) for USART_Init
    bsp_usart1.o(i.USART1_Config) refers to stm32f10x_usart.o(i.USART_Cmd) for USART_Cmd
    bsp_usart1.o(i.fgetc) refers to stm32f10x_usart.o(i.USART_GetFlagStatus) for USART_GetFlagStatus
    bsp_usart1.o(i.fgetc) refers to stm32f10x_usart.o(i.USART_ReceiveData) for USART_ReceiveData
    bsp_usart1.o(i.fputc) refers to stm32f10x_usart.o(i.USART_SendData) for USART_SendData
    bsp_usart1.o(i.fputc) refers to stm32f10x_usart.o(i.USART_GetFlagStatus) for USART_GetFlagStatus
    entry.o(.ARM.Collect$$$$00000000) refers (Special) to entry10a.o(.ARM.Collect$$$$0000000D) for __rt_final_cpp
    entry.o(.ARM.Collect$$$$00000000) refers (Special) to entry11a.o(.ARM.Collect$$$$0000000F) for __rt_final_exit
    entry.o(.ARM.Collect$$$$00000000) refers (Special) to entry7b.o(.ARM.Collect$$$$00000008) for _main_clock
    entry.o(.ARM.Collect$$$$00000000) refers (Special) to entry8b.o(.ARM.Collect$$$$0000000A) for _main_cpp_init
    entry.o(.ARM.Collect$$$$00000000) refers (Special) to entry9a.o(.ARM.Collect$$$$0000000B) for _main_init
    entry.o(.ARM.Collect$$$$00000000) refers (Special) to entry5.o(.ARM.Collect$$$$00000004) for _main_scatterload
    entry.o(.ARM.Collect$$$$00000000) refers (Special) to entry2.o(.ARM.Collect$$$$00000001) for _main_stk
    printfb.o(i.__0fprintf$bare) refers to printfb.o(i._printf_core) for _printf_core
    printfb.o(i.__0fprintf$bare) refers to bsp_usart1.o(i.fputc) for fputc
    printfb.o(i.__0printf$bare) refers to printfb.o(i._printf_core) for _printf_core
    printfb.o(i.__0printf$bare) refers to bsp_usart1.o(i.fputc) for fputc
    printfb.o(i.__0printf$bare) refers to stdout.o(.data) for __stdout
    printfb.o(i.__0snprintf$bare) refers to printfb.o(i._printf_core) for _printf_core
    printfb.o(i.__0snprintf$bare) refers to printfb.o(i._snputc) for _snputc
    printfb.o(i.__0sprintf$bare) refers to printfb.o(i._printf_core) for _printf_core
    printfb.o(i.__0sprintf$bare) refers to printfb.o(i._sputc) for _sputc
    printfb.o(i.__0vfprintf$bare) refers to printfb.o(i._printf_core) for _printf_core
    printfb.o(i.__0vfprintf$bare) refers to bsp_usart1.o(i.fputc) for fputc
    printfb.o(i.__0vprintf$bare) refers to printfb.o(i._printf_core) for _printf_core
    printfb.o(i.__0vprintf$bare) refers to bsp_usart1.o(i.fputc) for fputc
    printfb.o(i.__0vprintf$bare) refers to stdout.o(.data) for __stdout
    printfb.o(i.__0vsnprintf$bare) refers to printfb.o(i._printf_core) for _printf_core
    printfb.o(i.__0vsnprintf$bare) refers to printfb.o(i._snputc) for _snputc
    printfb.o(i.__0vsprintf$bare) refers to printfb.o(i._printf_core) for _printf_core
    printfb.o(i.__0vsprintf$bare) refers to printfb.o(i._sputc) for _sputc
    printf0.o(i.__0fprintf$0) refers to printf0.o(i._printf_core) for _printf_core
    printf0.o(i.__0fprintf$0) refers to bsp_usart1.o(i.fputc) for fputc
    printf0.o(i.__0printf$0) refers to printf0.o(i._printf_core) for _printf_core
    printf0.o(i.__0printf$0) refers to bsp_usart1.o(i.fputc) for fputc
    printf0.o(i.__0printf$0) refers to stdout.o(.data) for __stdout
    printf0.o(i.__0snprintf$0) refers to printf0.o(i._printf_core) for _printf_core
    printf0.o(i.__0snprintf$0) refers to printf0.o(i._snputc) for _snputc
    printf0.o(i.__0sprintf$0) refers to printf0.o(i._printf_core) for _printf_core
    printf0.o(i.__0sprintf$0) refers to printf0.o(i._sputc) for _sputc
    printf0.o(i.__0vfprintf$0) refers to printf0.o(i._printf_core) for _printf_core
    printf0.o(i.__0vfprintf$0) refers to bsp_usart1.o(i.fputc) for fputc
    printf0.o(i.__0vprintf$0) refers to printf0.o(i._printf_core) for _printf_core
    printf0.o(i.__0vprintf$0) refers to bsp_usart1.o(i.fputc) for fputc
    printf0.o(i.__0vprintf$0) refers to stdout.o(.data) for __stdout
    printf0.o(i.__0vsnprintf$0) refers to printf0.o(i._printf_core) for _printf_core
    printf0.o(i.__0vsnprintf$0) refers to printf0.o(i._snputc) for _snputc
    printf0.o(i.__0vsprintf$0) refers to printf0.o(i._printf_core) for _printf_core
    printf0.o(i.__0vsprintf$0) refers to printf0.o(i._sputc) for _sputc
    printf1.o(i.__0fprintf$1) refers to printf1.o(i._printf_core) for _printf_core
    printf1.o(i.__0fprintf$1) refers to bsp_usart1.o(i.fputc) for fputc
    printf1.o(i.__0printf$1) refers to printf1.o(i._printf_core) for _printf_core
    printf1.o(i.__0printf$1) refers to bsp_usart1.o(i.fputc) for fputc
    printf1.o(i.__0printf$1) refers to stdout.o(.data) for __stdout
    printf1.o(i.__0snprintf$1) refers to printf1.o(i._printf_core) for _printf_core
    printf1.o(i.__0snprintf$1) refers to printf1.o(i._snputc) for _snputc
    printf1.o(i.__0sprintf$1) refers to printf1.o(i._printf_core) for _printf_core
    printf1.o(i.__0sprintf$1) refers to printf1.o(i._sputc) for _sputc
    printf1.o(i.__0vfprintf$1) refers to printf1.o(i._printf_core) for _printf_core
    printf1.o(i.__0vfprintf$1) refers to bsp_usart1.o(i.fputc) for fputc
    printf1.o(i.__0vprintf$1) refers to printf1.o(i._printf_core) for _printf_core
    printf1.o(i.__0vprintf$1) refers to bsp_usart1.o(i.fputc) for fputc
    printf1.o(i.__0vprintf$1) refers to stdout.o(.data) for __stdout
    printf1.o(i.__0vsnprintf$1) refers to printf1.o(i._printf_core) for _printf_core
    printf1.o(i.__0vsnprintf$1) refers to printf1.o(i._snputc) for _snputc
    printf1.o(i.__0vsprintf$1) refers to printf1.o(i._printf_core) for _printf_core
    printf1.o(i.__0vsprintf$1) refers to printf1.o(i._sputc) for _sputc
    printf1.o(i._printf_core) refers to uidiv.o(.text) for __aeabi_uidivmod
    printf2.o(i.__0fprintf$2) refers to printf2.o(i._printf_core) for _printf_core
    printf2.o(i.__0fprintf$2) refers to bsp_usart1.o(i.fputc) for fputc
    printf2.o(i.__0printf$2) refers to printf2.o(i._printf_core) for _printf_core
    printf2.o(i.__0printf$2) refers to bsp_usart1.o(i.fputc) for fputc
    printf2.o(i.__0printf$2) refers to stdout.o(.data) for __stdout
    printf2.o(i.__0snprintf$2) refers to printf2.o(i._printf_core) for _printf_core
    printf2.o(i.__0snprintf$2) refers to printf2.o(i._snputc) for _snputc
    printf2.o(i.__0sprintf$2) refers to printf2.o(i._printf_core) for _printf_core
    printf2.o(i.__0sprintf$2) refers to printf2.o(i._sputc) for _sputc
    printf2.o(i.__0vfprintf$2) refers to printf2.o(i._printf_core) for _printf_core
    printf2.o(i.__0vfprintf$2) refers to bsp_usart1.o(i.fputc) for fputc
    printf2.o(i.__0vprintf$2) refers to printf2.o(i._printf_core) for _printf_core
    printf2.o(i.__0vprintf$2) refers to bsp_usart1.o(i.fputc) for fputc
    printf2.o(i.__0vprintf$2) refers to stdout.o(.data) for __stdout
    printf2.o(i.__0vsnprintf$2) refers to printf2.o(i._printf_core) for _printf_core
    printf2.o(i.__0vsnprintf$2) refers to printf2.o(i._snputc) for _snputc
    printf2.o(i.__0vsprintf$2) refers to printf2.o(i._printf_core) for _printf_core
    printf2.o(i.__0vsprintf$2) refers to printf2.o(i._sputc) for _sputc
    printf3.o(i.__0fprintf$3) refers to printf3.o(i._printf_core) for _printf_core
    printf3.o(i.__0fprintf$3) refers to bsp_usart1.o(i.fputc) for fputc
    printf3.o(i.__0printf$3) refers to printf3.o(i._printf_core) for _printf_core
    printf3.o(i.__0printf$3) refers to bsp_usart1.o(i.fputc) for fputc
    printf3.o(i.__0printf$3) refers to stdout.o(.data) for __stdout
    printf3.o(i.__0snprintf$3) refers to printf3.o(i._printf_core) for _printf_core
    printf3.o(i.__0snprintf$3) refers to printf3.o(i._snputc) for _snputc
    printf3.o(i.__0sprintf$3) refers to printf3.o(i._printf_core) for _printf_core
    printf3.o(i.__0sprintf$3) refers to printf3.o(i._sputc) for _sputc
    printf3.o(i.__0vfprintf$3) refers to printf3.o(i._printf_core) for _printf_core
    printf3.o(i.__0vfprintf$3) refers to bsp_usart1.o(i.fputc) for fputc
    printf3.o(i.__0vprintf$3) refers to printf3.o(i._printf_core) for _printf_core
    printf3.o(i.__0vprintf$3) refers to bsp_usart1.o(i.fputc) for fputc
    printf3.o(i.__0vprintf$3) refers to stdout.o(.data) for __stdout
    printf3.o(i.__0vsnprintf$3) refers to printf3.o(i._printf_core) for _printf_core
    printf3.o(i.__0vsnprintf$3) refers to printf3.o(i._snputc) for _snputc
    printf3.o(i.__0vsprintf$3) refers to printf3.o(i._printf_core) for _printf_core
    printf3.o(i.__0vsprintf$3) refers to printf3.o(i._sputc) for _sputc
    printf3.o(i._printf_core) refers to uidiv.o(.text) for __aeabi_uidivmod
    printf4.o(i.__0fprintf$4) refers to printf4.o(i._printf_core) for _printf_core
    printf4.o(i.__0fprintf$4) refers to bsp_usart1.o(i.fputc) for fputc
    printf4.o(i.__0printf$4) refers to printf4.o(i._printf_core) for _printf_core
    printf4.o(i.__0printf$4) refers to bsp_usart1.o(i.fputc) for fputc
    printf4.o(i.__0printf$4) refers to stdout.o(.data) for __stdout
    printf4.o(i.__0snprintf$4) refers to printf4.o(i._printf_core) for _printf_core
    printf4.o(i.__0snprintf$4) refers to printf4.o(i._snputc) for _snputc
    printf4.o(i.__0sprintf$4) refers to printf4.o(i._printf_core) for _printf_core
    printf4.o(i.__0sprintf$4) refers to printf4.o(i._sputc) for _sputc
    printf4.o(i.__0vfprintf$4) refers to printf4.o(i._printf_core) for _printf_core
    printf4.o(i.__0vfprintf$4) refers to bsp_usart1.o(i.fputc) for fputc
    printf4.o(i.__0vprintf$4) refers to printf4.o(i._printf_core) for _printf_core
    printf4.o(i.__0vprintf$4) refers to bsp_usart1.o(i.fputc) for fputc
    printf4.o(i.__0vprintf$4) refers to stdout.o(.data) for __stdout
    printf4.o(i.__0vsnprintf$4) refers to printf4.o(i._printf_core) for _printf_core
    printf4.o(i.__0vsnprintf$4) refers to printf4.o(i._snputc) for _snputc
    printf4.o(i.__0vsprintf$4) refers to printf4.o(i._printf_core) for _printf_core
    printf4.o(i.__0vsprintf$4) refers to printf4.o(i._sputc) for _sputc
    printf4.o(i._printf_core) refers to uldiv.o(.text) for __aeabi_uldivmod
    printf5.o(i.__0fprintf$5) refers to printf5.o(i._printf_core) for _printf_core
    printf5.o(i.__0fprintf$5) refers to bsp_usart1.o(i.fputc) for fputc
    printf5.o(i.__0printf$5) refers to printf5.o(i._printf_core) for _printf_core
    printf5.o(i.__0printf$5) refers to bsp_usart1.o(i.fputc) for fputc
    printf5.o(i.__0printf$5) refers to stdout.o(.data) for __stdout
    printf5.o(i.__0snprintf$5) refers to printf5.o(i._printf_core) for _printf_core
    printf5.o(i.__0snprintf$5) refers to printf5.o(i._snputc) for _snputc
    printf5.o(i.__0sprintf$5) refers to printf5.o(i._printf_core) for _printf_core
    printf5.o(i.__0sprintf$5) refers to printf5.o(i._sputc) for _sputc
    printf5.o(i.__0vfprintf$5) refers to printf5.o(i._printf_core) for _printf_core
    printf5.o(i.__0vfprintf$5) refers to bsp_usart1.o(i.fputc) for fputc
    printf5.o(i.__0vprintf$5) refers to printf5.o(i._printf_core) for _printf_core
    printf5.o(i.__0vprintf$5) refers to bsp_usart1.o(i.fputc) for fputc
    printf5.o(i.__0vprintf$5) refers to stdout.o(.data) for __stdout
    printf5.o(i.__0vsnprintf$5) refers to printf5.o(i._printf_core) for _printf_core
    printf5.o(i.__0vsnprintf$5) refers to printf5.o(i._snputc) for _snputc
    printf5.o(i.__0vsprintf$5) refers to printf5.o(i._printf_core) for _printf_core
    printf5.o(i.__0vsprintf$5) refers to printf5.o(i._sputc) for _sputc
    printf5.o(i._printf_core) refers to uldiv.o(.text) for __aeabi_uldivmod
    printf6.o(i.__0fprintf$6) refers to printf6.o(i._printf_core) for _printf_core
    printf6.o(i.__0fprintf$6) refers to bsp_usart1.o(i.fputc) for fputc
    printf6.o(i.__0printf$6) refers to printf6.o(i._printf_core) for _printf_core
    printf6.o(i.__0printf$6) refers to bsp_usart1.o(i.fputc) for fputc
    printf6.o(i.__0printf$6) refers to stdout.o(.data) for __stdout
    printf6.o(i.__0snprintf$6) refers to printf6.o(i._printf_core) for _printf_core
    printf6.o(i.__0snprintf$6) refers to printf6.o(i._snputc) for _snputc
    printf6.o(i.__0sprintf$6) refers to printf6.o(i._printf_core) for _printf_core
    printf6.o(i.__0sprintf$6) refers to printf6.o(i._sputc) for _sputc
    printf6.o(i.__0vfprintf$6) refers to printf6.o(i._printf_core) for _printf_core
    printf6.o(i.__0vfprintf$6) refers to bsp_usart1.o(i.fputc) for fputc
    printf6.o(i.__0vprintf$6) refers to printf6.o(i._printf_core) for _printf_core
    printf6.o(i.__0vprintf$6) refers to bsp_usart1.o(i.fputc) for fputc
    printf6.o(i.__0vprintf$6) refers to stdout.o(.data) for __stdout
    printf6.o(i.__0vsnprintf$6) refers to printf6.o(i._printf_core) for _printf_core
    printf6.o(i.__0vsnprintf$6) refers to printf6.o(i._snputc) for _snputc
    printf6.o(i.__0vsprintf$6) refers to printf6.o(i._printf_core) for _printf_core
    printf6.o(i.__0vsprintf$6) refers to printf6.o(i._sputc) for _sputc
    printf6.o(i._printf_core) refers to printf6.o(i._printf_pre_padding) for _printf_pre_padding
    printf6.o(i._printf_core) refers to uidiv.o(.text) for __aeabi_uidivmod
    printf6.o(i._printf_core) refers to printf6.o(i._printf_post_padding) for _printf_post_padding
    printf7.o(i.__0fprintf$7) refers to printf7.o(i._printf_core) for _printf_core
    printf7.o(i.__0fprintf$7) refers to bsp_usart1.o(i.fputc) for fputc
    printf7.o(i.__0printf$7) refers to printf7.o(i._printf_core) for _printf_core
    printf7.o(i.__0printf$7) refers to bsp_usart1.o(i.fputc) for fputc
    printf7.o(i.__0printf$7) refers to stdout.o(.data) for __stdout
    printf7.o(i.__0snprintf$7) refers to printf7.o(i._printf_core) for _printf_core
    printf7.o(i.__0snprintf$7) refers to printf7.o(i._snputc) for _snputc
    printf7.o(i.__0sprintf$7) refers to printf7.o(i._printf_core) for _printf_core
    printf7.o(i.__0sprintf$7) refers to printf7.o(i._sputc) for _sputc
    printf7.o(i.__0vfprintf$7) refers to printf7.o(i._printf_core) for _printf_core
    printf7.o(i.__0vfprintf$7) refers to bsp_usart1.o(i.fputc) for fputc
    printf7.o(i.__0vprintf$7) refers to printf7.o(i._printf_core) for _printf_core
    printf7.o(i.__0vprintf$7) refers to bsp_usart1.o(i.fputc) for fputc
    printf7.o(i.__0vprintf$7) refers to stdout.o(.data) for __stdout
    printf7.o(i.__0vsnprintf$7) refers to printf7.o(i._printf_core) for _printf_core
    printf7.o(i.__0vsnprintf$7) refers to printf7.o(i._snputc) for _snputc
    printf7.o(i.__0vsprintf$7) refers to printf7.o(i._printf_core) for _printf_core
    printf7.o(i.__0vsprintf$7) refers to printf7.o(i._sputc) for _sputc
    printf7.o(i._printf_core) refers to printf7.o(i._printf_pre_padding) for _printf_pre_padding
    printf7.o(i._printf_core) refers to uldiv.o(.text) for __aeabi_uldivmod
    printf7.o(i._printf_core) refers to printf7.o(i._printf_post_padding) for _printf_post_padding
    printf8.o(i.__0fprintf$8) refers to printf8.o(i._printf_core) for _printf_core
    printf8.o(i.__0fprintf$8) refers to bsp_usart1.o(i.fputc) for fputc
    printf8.o(i.__0printf$8) refers to printf8.o(i._printf_core) for _printf_core
    printf8.o(i.__0printf$8) refers to bsp_usart1.o(i.fputc) for fputc
    printf8.o(i.__0printf$8) refers to stdout.o(.data) for __stdout
    printf8.o(i.__0snprintf$8) refers to printf8.o(i._printf_core) for _printf_core
    printf8.o(i.__0snprintf$8) refers to printf8.o(i._snputc) for _snputc
    printf8.o(i.__0sprintf$8) refers to printf8.o(i._printf_core) for _printf_core
    printf8.o(i.__0sprintf$8) refers to printf8.o(i._sputc) for _sputc
    printf8.o(i.__0vfprintf$8) refers to printf8.o(i._printf_core) for _printf_core
    printf8.o(i.__0vfprintf$8) refers to bsp_usart1.o(i.fputc) for fputc
    printf8.o(i.__0vprintf$8) refers to printf8.o(i._printf_core) for _printf_core
    printf8.o(i.__0vprintf$8) refers to bsp_usart1.o(i.fputc) for fputc
    printf8.o(i.__0vprintf$8) refers to stdout.o(.data) for __stdout
    printf8.o(i.__0vsnprintf$8) refers to printf8.o(i._printf_core) for _printf_core
    printf8.o(i.__0vsnprintf$8) refers to printf8.o(i._snputc) for _snputc
    printf8.o(i.__0vsprintf$8) refers to printf8.o(i._printf_core) for _printf_core
    printf8.o(i.__0vsprintf$8) refers to printf8.o(i._sputc) for _sputc
    printf8.o(i._printf_core) refers to printf8.o(i._printf_pre_padding) for _printf_pre_padding
    printf8.o(i._printf_core) refers to uldiv.o(.text) for __aeabi_uldivmod
    printf8.o(i._printf_core) refers to printf8.o(i._printf_post_padding) for _printf_post_padding
    printfa.o(i.__0fprintf) refers (Special) to iusefp.o(.text) for __I$use$fp
    printfa.o(i.__0fprintf) refers to printfa.o(i._printf_core) for _printf_core
    printfa.o(i.__0fprintf) refers to bsp_usart1.o(i.fputc) for fputc
    printfa.o(i.__0printf) refers (Special) to iusefp.o(.text) for __I$use$fp
    printfa.o(i.__0printf) refers to printfa.o(i._printf_core) for _printf_core
    printfa.o(i.__0printf) refers to bsp_usart1.o(i.fputc) for fputc
    printfa.o(i.__0printf) refers to stdout.o(.data) for __stdout
    printfa.o(i.__0snprintf) refers (Special) to iusefp.o(.text) for __I$use$fp
    printfa.o(i.__0snprintf) refers to printfa.o(i._printf_core) for _printf_core
    printfa.o(i.__0snprintf) refers to printfa.o(i._snputc) for _snputc
    printfa.o(i.__0sprintf) refers (Special) to iusefp.o(.text) for __I$use$fp
    printfa.o(i.__0sprintf) refers to printfa.o(i._printf_core) for _printf_core
    printfa.o(i.__0sprintf) refers to printfa.o(i._sputc) for _sputc
    printfa.o(i.__0vfprintf) refers (Special) to iusefp.o(.text) for __I$use$fp
    printfa.o(i.__0vfprintf) refers to printfa.o(i._printf_core) for _printf_core
    printfa.o(i.__0vfprintf) refers to bsp_usart1.o(i.fputc) for fputc
    printfa.o(i.__0vprintf) refers (Special) to iusefp.o(.text) for __I$use$fp
    printfa.o(i.__0vprintf) refers to printfa.o(i._printf_core) for _printf_core
    printfa.o(i.__0vprintf) refers to bsp_usart1.o(i.fputc) for fputc
    printfa.o(i.__0vprintf) refers to stdout.o(.data) for __stdout
    printfa.o(i.__0vsnprintf) refers (Special) to iusefp.o(.text) for __I$use$fp
    printfa.o(i.__0vsnprintf) refers to printfa.o(i._printf_core) for _printf_core
    printfa.o(i.__0vsnprintf) refers to printfa.o(i._snputc) for _snputc
    printfa.o(i.__0vsprintf) refers (Special) to iusefp.o(.text) for __I$use$fp
    printfa.o(i.__0vsprintf) refers to printfa.o(i._printf_core) for _printf_core
    printfa.o(i.__0vsprintf) refers to printfa.o(i._sputc) for _sputc
    printfa.o(i._fp_digits) refers (Special) to iusefp.o(.text) for __I$use$fp
    printfa.o(i._fp_digits) refers to dmul.o(.text) for __aeabi_dmul
    printfa.o(i._fp_digits) refers to ddiv.o(.text) for __aeabi_ddiv
    printfa.o(i._fp_digits) refers to cdrcmple.o(.text) for __aeabi_cdrcmple
    printfa.o(i._fp_digits) refers to dadd.o(.text) for __aeabi_dadd
    printfa.o(i._fp_digits) refers to dfixul.o(.text) for __aeabi_d2ulz
    printfa.o(i._fp_digits) refers to uldiv.o(.text) for __aeabi_uldivmod
    printfa.o(i._printf_core) refers (Special) to iusefp.o(.text) for __I$use$fp
    printfa.o(i._printf_core) refers to printfa.o(i._printf_pre_padding) for _printf_pre_padding
    printfa.o(i._printf_core) refers to uldiv.o(.text) for __aeabi_uldivmod
    printfa.o(i._printf_core) refers to printfa.o(i._printf_post_padding) for _printf_post_padding
    printfa.o(i._printf_core) refers to printfa.o(i._fp_digits) for _fp_digits
    printfa.o(i._printf_core) refers to uidiv.o(.text) for __aeabi_uidivmod
    printfa.o(i._printf_post_padding) refers (Special) to iusefp.o(.text) for __I$use$fp
    printfa.o(i._printf_pre_padding) refers (Special) to iusefp.o(.text) for __I$use$fp
    printfa.o(i._snputc) refers (Special) to iusefp.o(.text) for __I$use$fp
    printfa.o(i._sputc) refers (Special) to iusefp.o(.text) for __I$use$fp
    entry2.o(.ARM.Collect$$$$00000001) refers to entry2.o(.ARM.Collect$$$$00002712) for __lit__00000000
    entry2.o(.ARM.Collect$$$$00002712) refers to startup_stm32f10x_hd.o(STACK) for __initial_sp
    entry2.o(__vectab_stack_and_reset_area) refers to startup_stm32f10x_hd.o(STACK) for __initial_sp
    entry2.o(__vectab_stack_and_reset_area) refers to entry.o(.ARM.Collect$$$$00000000) for __main
    entry5.o(.ARM.Collect$$$$00000004) refers to init.o(.text) for __scatterload
    entry9a.o(.ARM.Collect$$$$0000000B) refers to main.o(i.main) for main
    entry9b.o(.ARM.Collect$$$$0000000C) refers to main.o(i.main) for main
    uldiv.o(.text) refers to llushr.o(.text) for __aeabi_llsr
    uldiv.o(.text) refers to llshl.o(.text) for __aeabi_llsl
    dadd.o(.text) refers to llshl.o(.text) for __aeabi_llsl
    dadd.o(.text) refers to llsshr.o(.text) for __aeabi_lasr
    dadd.o(.text) refers to depilogue.o(.text) for _double_epilogue
    dmul.o(.text) refers to depilogue.o(.text) for _double_epilogue
    ddiv.o(.text) refers to depilogue.o(.text) for _double_round
    dfixul.o(.text) refers to llushr.o(.text) for __aeabi_llsr
    dfixul.o(.text) refers to llshl.o(.text) for __aeabi_llsl
    init.o(.text) refers to entry5.o(.ARM.Collect$$$$00000004) for __main_after_scatterload
    depilogue.o(.text) refers to llshl.o(.text) for __aeabi_llsl
    depilogue.o(.text) refers to llushr.o(.text) for __aeabi_llsr


==============================================================================

Removing Unused input sections from the image.

    Removing startup_stm32f10x_hd.o(HEAP), (512 bytes).
    Removing core_cm3.o(.emb_text), (32 bytes).
    Removing system_stm32f10x.o(i.SystemCoreClockUpdate), (164 bytes).
    Removing system_stm32f10x.o(.data), (20 bytes).
    Removing main.o(.rev16_text), (4 bytes).
    Removing main.o(.revsh_text), (4 bytes).
    Removing main.o(i.Delay_Ms), (28 bytes).
    Removing stm32f10x_it.o(.rev16_text), (4 bytes).
    Removing stm32f10x_it.o(.revsh_text), (4 bytes).
    Removing misc.o(.rev16_text), (4 bytes).
    Removing misc.o(.revsh_text), (4 bytes).
    Removing misc.o(i.NVIC_SetVectorTable), (20 bytes).
    Removing misc.o(i.NVIC_SystemLPConfig), (32 bytes).
    Removing misc.o(i.SysTick_CLKSourceConfig), (40 bytes).
    Removing stm32f10x_gpio.o(.rev16_text), (4 bytes).
    Removing stm32f10x_gpio.o(.revsh_text), (4 bytes).
    Removing stm32f10x_gpio.o(i.GPIO_AFIODeInit), (20 bytes).
    Removing stm32f10x_gpio.o(i.GPIO_DeInit), (200 bytes).
    Removing stm32f10x_gpio.o(i.GPIO_ETH_MediaInterfaceConfig), (12 bytes).
    Removing stm32f10x_gpio.o(i.GPIO_EXTILineConfig), (64 bytes).
    Removing stm32f10x_gpio.o(i.GPIO_EventOutputCmd), (12 bytes).
    Removing stm32f10x_gpio.o(i.GPIO_EventOutputConfig), (32 bytes).
    Removing stm32f10x_gpio.o(i.GPIO_PinLockConfig), (18 bytes).
    Removing stm32f10x_gpio.o(i.GPIO_PinRemapConfig), (144 bytes).
    Removing stm32f10x_gpio.o(i.GPIO_ReadInputData), (8 bytes).
    Removing stm32f10x_gpio.o(i.GPIO_ReadInputDataBit), (18 bytes).
    Removing stm32f10x_gpio.o(i.GPIO_ReadOutputData), (8 bytes).
    Removing stm32f10x_gpio.o(i.GPIO_ReadOutputDataBit), (18 bytes).
    Removing stm32f10x_gpio.o(i.GPIO_ResetBits), (4 bytes).
    Removing stm32f10x_gpio.o(i.GPIO_SetBits), (4 bytes).
    Removing stm32f10x_gpio.o(i.GPIO_StructInit), (16 bytes).
    Removing stm32f10x_gpio.o(i.GPIO_Write), (4 bytes).
    Removing stm32f10x_gpio.o(i.GPIO_WriteBit), (10 bytes).
    Removing stm32f10x_rcc.o(.rev16_text), (4 bytes).
    Removing stm32f10x_rcc.o(.revsh_text), (4 bytes).
    Removing stm32f10x_rcc.o(i.RCC_ADCCLKConfig), (24 bytes).
    Removing stm32f10x_rcc.o(i.RCC_APB1PeriphClockCmd), (32 bytes).
    Removing stm32f10x_rcc.o(i.RCC_APB1PeriphResetCmd), (32 bytes).
    Removing stm32f10x_rcc.o(i.RCC_APB2PeriphResetCmd), (32 bytes).
    Removing stm32f10x_rcc.o(i.RCC_AdjustHSICalibrationValue), (24 bytes).
    Removing stm32f10x_rcc.o(i.RCC_BackupResetCmd), (12 bytes).
    Removing stm32f10x_rcc.o(i.RCC_ClearFlag), (20 bytes).
    Removing stm32f10x_rcc.o(i.RCC_ClearITPendingBit), (12 bytes).
    Removing stm32f10x_rcc.o(i.RCC_ClockSecuritySystemCmd), (12 bytes).
    Removing stm32f10x_rcc.o(i.RCC_DeInit), (76 bytes).
    Removing stm32f10x_rcc.o(i.RCC_GetFlagStatus), (60 bytes).
    Removing stm32f10x_rcc.o(i.RCC_GetITStatus), (24 bytes).
    Removing stm32f10x_rcc.o(i.RCC_GetSYSCLKSource), (16 bytes).
    Removing stm32f10x_rcc.o(i.RCC_HCLKConfig), (24 bytes).
    Removing stm32f10x_rcc.o(i.RCC_HSEConfig), (76 bytes).
    Removing stm32f10x_rcc.o(i.RCC_HSICmd), (12 bytes).
    Removing stm32f10x_rcc.o(i.RCC_ITConfig), (32 bytes).
    Removing stm32f10x_rcc.o(i.RCC_LSEConfig), (52 bytes).
    Removing stm32f10x_rcc.o(i.RCC_LSICmd), (12 bytes).
    Removing stm32f10x_rcc.o(i.RCC_MCOConfig), (12 bytes).
    Removing stm32f10x_rcc.o(i.RCC_PCLK1Config), (24 bytes).
    Removing stm32f10x_rcc.o(i.RCC_PCLK2Config), (24 bytes).
    Removing stm32f10x_rcc.o(i.RCC_PLLCmd), (12 bytes).
    Removing stm32f10x_rcc.o(i.RCC_PLLConfig), (28 bytes).
    Removing stm32f10x_rcc.o(i.RCC_RTCCLKCmd), (12 bytes).
    Removing stm32f10x_rcc.o(i.RCC_RTCCLKConfig), (16 bytes).
    Removing stm32f10x_rcc.o(i.RCC_SYSCLKConfig), (24 bytes).
    Removing stm32f10x_rcc.o(i.RCC_USBCLKConfig), (12 bytes).
    Removing stm32f10x_rcc.o(i.RCC_WaitForHSEStartUp), (56 bytes).
    Removing stm32f10x_usart.o(.rev16_text), (4 bytes).
    Removing stm32f10x_usart.o(.revsh_text), (4 bytes).
    Removing stm32f10x_usart.o(i.USART_ClearFlag), (18 bytes).
    Removing stm32f10x_usart.o(i.USART_ClearITPendingBit), (30 bytes).
    Removing stm32f10x_usart.o(i.USART_ClockInit), (34 bytes).
    Removing stm32f10x_usart.o(i.USART_ClockStructInit), (12 bytes).
    Removing stm32f10x_usart.o(i.USART_DMACmd), (18 bytes).
    Removing stm32f10x_usart.o(i.USART_DeInit), (156 bytes).
    Removing stm32f10x_usart.o(i.USART_GetITStatus), (84 bytes).
    Removing stm32f10x_usart.o(i.USART_HalfDuplexCmd), (24 bytes).
    Removing stm32f10x_usart.o(i.USART_ITConfig), (74 bytes).
    Removing stm32f10x_usart.o(i.USART_IrDACmd), (24 bytes).
    Removing stm32f10x_usart.o(i.USART_IrDAConfig), (18 bytes).
    Removing stm32f10x_usart.o(i.USART_LINBreakDetectLengthConfig), (18 bytes).
    Removing stm32f10x_usart.o(i.USART_LINCmd), (24 bytes).
    Removing stm32f10x_usart.o(i.USART_OneBitMethodCmd), (24 bytes).
    Removing stm32f10x_usart.o(i.USART_OverSampling8Cmd), (22 bytes).
    Removing stm32f10x_usart.o(i.USART_ReceiveData), (10 bytes).
    Removing stm32f10x_usart.o(i.USART_ReceiverWakeUpCmd), (24 bytes).
    Removing stm32f10x_usart.o(i.USART_SendBreak), (10 bytes).
    Removing stm32f10x_usart.o(i.USART_SetAddress), (18 bytes).
    Removing stm32f10x_usart.o(i.USART_SetGuardTime), (16 bytes).
    Removing stm32f10x_usart.o(i.USART_SetPrescaler), (16 bytes).
    Removing stm32f10x_usart.o(i.USART_SmartCardCmd), (24 bytes).
    Removing stm32f10x_usart.o(i.USART_SmartCardNACKCmd), (24 bytes).
    Removing stm32f10x_usart.o(i.USART_StructInit), (24 bytes).
    Removing stm32f10x_usart.o(i.USART_WakeUpConfig), (18 bytes).
    Removing bsp_sdio_sdcard.o(.rev16_text), (4 bytes).
    Removing bsp_sdio_sdcard.o(.revsh_text), (4 bytes).
    Removing bsp_sdio_sdcard.o(i.SD_DeInit), (76 bytes).
    Removing bsp_sdio_sdcard.o(i.SD_GetCardStatus), (160 bytes).
    Removing bsp_sdio_sdcard.o(i.SD_GetTransferState), (24 bytes).
    Removing bsp_sdio_sdcard.o(i.SD_PowerOFF), (14 bytes).
    Removing bsp_sdio_sdcard.o(i.SD_SendSDStatus), (376 bytes).
    Removing bsp_sdio_sdcard.o(i.SD_StopTransfer), (32 bytes).
    Removing bsp_sdio_sdcard.o(i.convert_from_bytes_to_power_of_two), (18 bytes).
    Removing bsp_usart1.o(.rev16_text), (4 bytes).
    Removing bsp_usart1.o(.revsh_text), (4 bytes).
    Removing bsp_usart1.o(i.fgetc), (32 bytes).
    Removing stm32f10x_sdio.o(.rev16_text), (4 bytes).
    Removing stm32f10x_sdio.o(.revsh_text), (4 bytes).
    Removing stm32f10x_sdio.o(i.SDIO_CEATAITCmd), (16 bytes).
    Removing stm32f10x_sdio.o(i.SDIO_CmdStructInit), (14 bytes).
    Removing stm32f10x_sdio.o(i.SDIO_CommandCompletionCmd), (12 bytes).
    Removing stm32f10x_sdio.o(i.SDIO_DataStructInit), (20 bytes).
    Removing stm32f10x_sdio.o(i.SDIO_GetDataCounter), (12 bytes).
    Removing stm32f10x_sdio.o(i.SDIO_GetFIFOCount), (12 bytes).
    Removing stm32f10x_sdio.o(i.SDIO_GetITStatus), (24 bytes).
    Removing stm32f10x_sdio.o(i.SDIO_SendCEATACmd), (12 bytes).
    Removing stm32f10x_sdio.o(i.SDIO_SendSDIOSuspendCmd), (12 bytes).
    Removing stm32f10x_sdio.o(i.SDIO_SetSDIOOperation), (12 bytes).
    Removing stm32f10x_sdio.o(i.SDIO_SetSDIOReadWaitMode), (12 bytes).
    Removing stm32f10x_sdio.o(i.SDIO_StartSDIOReadWait), (12 bytes).
    Removing stm32f10x_sdio.o(i.SDIO_StopSDIOReadWait), (12 bytes).
    Removing stm32f10x_sdio.o(i.SDIO_StructInit), (16 bytes).
    Removing stm32f10x_sdio.o(i.SDIO_WriteData), (12 bytes).
    Removing stm32f10x_dma.o(.rev16_text), (4 bytes).
    Removing stm32f10x_dma.o(.revsh_text), (4 bytes).
    Removing stm32f10x_dma.o(i.DMA_ClearITPendingBit), (28 bytes).
    Removing stm32f10x_dma.o(i.DMA_DeInit), (332 bytes).
    Removing stm32f10x_dma.o(i.DMA_GetCurrDataCounter), (8 bytes).
    Removing stm32f10x_dma.o(i.DMA_GetITStatus), (44 bytes).
    Removing stm32f10x_dma.o(i.DMA_ITConfig), (18 bytes).
    Removing stm32f10x_dma.o(i.DMA_SetCurrDataCounter), (4 bytes).
    Removing stm32f10x_dma.o(i.DMA_StructInit), (26 bytes).
    Removing dadd.o(.text), (334 bytes).
    Removing dmul.o(.text), (228 bytes).
    Removing ddiv.o(.text), (222 bytes).
    Removing dfixul.o(.text), (48 bytes).
    Removing cdrcmple.o(.text), (40 bytes).
    Removing depilogue.o(.text), (190 bytes).

135 unused section(s) (total 5552 bytes) removed from the image.

==============================================================================

Image Symbol Table

    Local Symbols

    Symbol Name                              Value     Ov Type        Size  Object(Section)

    ../clib/microlib/division.c              0x00000000   Number         0  uldiv.o ABSOLUTE
    ../clib/microlib/division.c              0x00000000   Number         0  uidiv.o ABSOLUTE
    ../clib/microlib/init/entry.s            0x00000000   Number         0  entry9a.o ABSOLUTE
    ../clib/microlib/init/entry.s            0x00000000   Number         0  entry8b.o ABSOLUTE
    ../clib/microlib/init/entry.s            0x00000000   Number         0  entry8a.o ABSOLUTE
    ../clib/microlib/init/entry.s            0x00000000   Number         0  entry7b.o ABSOLUTE
    ../clib/microlib/init/entry.s            0x00000000   Number         0  entry7a.o ABSOLUTE
    ../clib/microlib/init/entry.s            0x00000000   Number         0  entry5.o ABSOLUTE
    ../clib/microlib/init/entry.s            0x00000000   Number         0  entry2.o ABSOLUTE
    ../clib/microlib/init/entry.s            0x00000000   Number         0  entry.o ABSOLUTE
    ../clib/microlib/init/entry.s            0x00000000   Number         0  entry10b.o ABSOLUTE
    ../clib/microlib/init/entry.s            0x00000000   Number         0  entry11b.o ABSOLUTE
    ../clib/microlib/init/entry.s            0x00000000   Number         0  entry11a.o ABSOLUTE
    ../clib/microlib/init/entry.s            0x00000000   Number         0  entry10a.o ABSOLUTE
    ../clib/microlib/init/entry.s            0x00000000   Number         0  entry9b.o ABSOLUTE
    ../clib/microlib/longlong.c              0x00000000   Number         0  llushr.o ABSOLUTE
    ../clib/microlib/longlong.c              0x00000000   Number         0  llsshr.o ABSOLUTE
    ../clib/microlib/longlong.c              0x00000000   Number         0  llshl.o ABSOLUTE
    ../clib/microlib/printf/printf.c         0x00000000   Number         0  printf1.o ABSOLUTE
    ../clib/microlib/printf/printf.c         0x00000000   Number         0  printf0.o ABSOLUTE
    ../clib/microlib/printf/printf.c         0x00000000   Number         0  printfb.o ABSOLUTE
    ../clib/microlib/printf/printf.c         0x00000000   Number         0  printf4.o ABSOLUTE
    ../clib/microlib/printf/printf.c         0x00000000   Number         0  printfa.o ABSOLUTE
    ../clib/microlib/printf/printf.c         0x00000000   Number         0  printf8.o ABSOLUTE
    ../clib/microlib/printf/printf.c         0x00000000   Number         0  printf7.o ABSOLUTE
    ../clib/microlib/printf/printf.c         0x00000000   Number         0  printf6.o ABSOLUTE
    ../clib/microlib/printf/printf.c         0x00000000   Number         0  printf5.o ABSOLUTE
    ../clib/microlib/printf/printf.c         0x00000000   Number         0  printf3.o ABSOLUTE
    ../clib/microlib/printf/printf.c         0x00000000   Number         0  printf2.o ABSOLUTE
    ../clib/microlib/printf/stubs.s          0x00000000   Number         0  stubs.o ABSOLUTE
    ../clib/microlib/stdio/streams.c         0x00000000   Number         0  stdout.o ABSOLUTE
    ../clib/microlib/stubs.s                 0x00000000   Number         0  iusefp.o ABSOLUTE
    ../fplib/microlib/fpadd.c                0x00000000   Number         0  dadd.o ABSOLUTE
    ../fplib/microlib/fpdiv.c                0x00000000   Number         0  ddiv.o ABSOLUTE
    ../fplib/microlib/fpepilogue.c           0x00000000   Number         0  depilogue.o ABSOLUTE
    ../fplib/microlib/fpfix.c                0x00000000   Number         0  dfixul.o ABSOLUTE
    ../fplib/microlib/fpmul.c                0x00000000   Number         0  dmul.o ABSOLUTE
    ..\..\User\main.c                        0x00000000   Number         0  main.o ABSOLUTE
    ..\..\User\stm32f10x_it.c                0x00000000   Number         0  stm32f10x_it.o ABSOLUTE
    ..\..\User\usart\bsp_usart1.c            0x00000000   Number         0  bsp_usart1.o ABSOLUTE
    ..\..\libraries\CMSIS\core_cm3.c         0x00000000   Number         0  core_cm3.o ABSOLUTE
    ..\..\libraries\CMSIS\startup\startup_stm32f10x_hd.s 0x00000000   Number         0  startup_stm32f10x_hd.o ABSOLUTE
    ..\..\libraries\CMSIS\system_stm32f10x.c 0x00000000   Number         0  system_stm32f10x.o ABSOLUTE
    ..\..\libraries\FWlib\src\bsp_sdio_sdcard.c 0x00000000   Number         0  bsp_sdio_sdcard.o ABSOLUTE
    ..\..\libraries\FWlib\src\misc.c         0x00000000   Number         0  misc.o ABSOLUTE
    ..\..\libraries\FWlib\src\stm32f10x_dma.c 0x00000000   Number         0  stm32f10x_dma.o ABSOLUTE
    ..\..\libraries\FWlib\src\stm32f10x_gpio.c 0x00000000   Number         0  stm32f10x_gpio.o ABSOLUTE
    ..\..\libraries\FWlib\src\stm32f10x_rcc.c 0x00000000   Number         0  stm32f10x_rcc.o ABSOLUTE
    ..\..\libraries\FWlib\src\stm32f10x_sdio.c 0x00000000   Number         0  stm32f10x_sdio.o ABSOLUTE
    ..\..\libraries\FWlib\src\stm32f10x_usart.c 0x00000000   Number         0  stm32f10x_usart.o ABSOLUTE
    ..\\..\\User\\main.c                     0x00000000   Number         0  main.o ABSOLUTE
    ..\\..\\User\\stm32f10x_it.c             0x00000000   Number         0  stm32f10x_it.o ABSOLUTE
    ..\\..\\User\\usart\\bsp_usart1.c        0x00000000   Number         0  bsp_usart1.o ABSOLUTE
    ..\\..\\libraries\\CMSIS\\core_cm3.c     0x00000000   Number         0  core_cm3.o ABSOLUTE
    ..\\..\\libraries\\FWlib\\src\\bsp_sdio_sdcard.c 0x00000000   Number         0  bsp_sdio_sdcard.o ABSOLUTE
    ..\\..\\libraries\\FWlib\\src\\misc.c    0x00000000   Number         0  misc.o ABSOLUTE
    ..\\..\\libraries\\FWlib\\src\\stm32f10x_dma.c 0x00000000   Number         0  stm32f10x_dma.o ABSOLUTE
    ..\\..\\libraries\\FWlib\\src\\stm32f10x_gpio.c 0x00000000   Number         0  stm32f10x_gpio.o ABSOLUTE
    ..\\..\\libraries\\FWlib\\src\\stm32f10x_rcc.c 0x00000000   Number         0  stm32f10x_rcc.o ABSOLUTE
    ..\\..\\libraries\\FWlib\\src\\stm32f10x_sdio.c 0x00000000   Number         0  stm32f10x_sdio.o ABSOLUTE
    ..\\..\\libraries\\FWlib\\src\\stm32f10x_usart.c 0x00000000   Number         0  stm32f10x_usart.o ABSOLUTE
    cdrcmple.s                               0x00000000   Number         0  cdrcmple.o ABSOLUTE
    dc.s                                     0x00000000   Number         0  dc.o ABSOLUTE
    handlers.s                               0x00000000   Number         0  handlers.o ABSOLUTE
    init.s                                   0x00000000   Number         0  init.o ABSOLUTE
    RESET                                    0x08000000   Section      304  startup_stm32f10x_hd.o(RESET)
    .ARM.Collect$$$$00000000                 0x08000130   Section        0  entry.o(.ARM.Collect$$$$00000000)
    .ARM.Collect$$$$00000001                 0x08000130   Section        4  entry2.o(.ARM.Collect$$$$00000001)
    .ARM.Collect$$$$00000004                 0x08000134   Section        4  entry5.o(.ARM.Collect$$$$00000004)
    .ARM.Collect$$$$00000008                 0x08000138   Section        0  entry7b.o(.ARM.Collect$$$$00000008)
    .ARM.Collect$$$$0000000A                 0x08000138   Section        0  entry8b.o(.ARM.Collect$$$$0000000A)
    .ARM.Collect$$$$0000000B                 0x08000138   Section        8  entry9a.o(.ARM.Collect$$$$0000000B)
    .ARM.Collect$$$$0000000D                 0x08000140   Section        0  entry10a.o(.ARM.Collect$$$$0000000D)
    .ARM.Collect$$$$0000000F                 0x08000140   Section        0  entry11a.o(.ARM.Collect$$$$0000000F)
    .ARM.Collect$$$$00002712                 0x08000140   Section        4  entry2.o(.ARM.Collect$$$$00002712)
    __lit__00000000                          0x08000140   Data           4  entry2.o(.ARM.Collect$$$$00002712)
    .text                                    0x08000144   Section       36  startup_stm32f10x_hd.o(.text)
    .text                                    0x08000168   Section        0  uidiv.o(.text)
    .text                                    0x08000194   Section       36  init.o(.text)
    i.Buffercmp                              0x080001b8   Section        0  main.o(i.Buffercmp)
    i.BusFault_Handler                       0x080001da   Section        0  stm32f10x_it.o(i.BusFault_Handler)
    i.CmdError                               0x080001de   Section        0  bsp_sdio_sdcard.o(i.CmdError)
    CmdError                                 0x080001df   Thumb Code    44  bsp_sdio_sdcard.o(i.CmdError)
    i.CmdResp1Error                          0x0800020c   Section        0  bsp_sdio_sdcard.o(i.CmdResp1Error)
    CmdResp1Error                            0x0800020d   Thumb Code    34  bsp_sdio_sdcard.o(i.CmdResp1Error)
    i.CmdResp2Error                          0x08000234   Section        0  bsp_sdio_sdcard.o(i.CmdResp2Error)
    CmdResp2Error                            0x08000235   Thumb Code    68  bsp_sdio_sdcard.o(i.CmdResp2Error)
    i.CmdResp3Error                          0x0800027c   Section        0  bsp_sdio_sdcard.o(i.CmdResp3Error)
    CmdResp3Error                            0x0800027d   Thumb Code    50  bsp_sdio_sdcard.o(i.CmdResp3Error)
    i.CmdResp6Error                          0x080002b4   Section        0  bsp_sdio_sdcard.o(i.CmdResp6Error)
    CmdResp6Error                            0x080002b5   Thumb Code   150  bsp_sdio_sdcard.o(i.CmdResp6Error)
    i.CmdResp7Error                          0x08000350   Section        0  bsp_sdio_sdcard.o(i.CmdResp7Error)
    CmdResp7Error                            0x08000351   Thumb Code    84  bsp_sdio_sdcard.o(i.CmdResp7Error)
    i.DMA_ClearFlag                          0x080003e0   Section        0  stm32f10x_dma.o(i.DMA_ClearFlag)
    i.DMA_Cmd                                0x080003fc   Section        0  stm32f10x_dma.o(i.DMA_Cmd)
    i.DMA_GetFlagStatus                      0x08000414   Section        0  stm32f10x_dma.o(i.DMA_GetFlagStatus)
    i.DMA_Init                               0x08000440   Section        0  stm32f10x_dma.o(i.DMA_Init)
    i.DebugMon_Handler                       0x0800047c   Section        0  stm32f10x_it.o(i.DebugMon_Handler)
    i.Fill_Buffer                            0x0800047e   Section        0  main.o(i.Fill_Buffer)
    i.FindSCR                                0x08000498   Section        0  bsp_sdio_sdcard.o(i.FindSCR)
    FindSCR                                  0x08000499   Thumb Code   392  bsp_sdio_sdcard.o(i.FindSCR)
    i.GPIO_Configuration                     0x08000630   Section        0  bsp_sdio_sdcard.o(i.GPIO_Configuration)
    GPIO_Configuration                       0x08000631   Thumb Code    64  bsp_sdio_sdcard.o(i.GPIO_Configuration)
    i.GPIO_Init                              0x08000678   Section        0  stm32f10x_gpio.o(i.GPIO_Init)
    i.HardFault_Handler                      0x0800078a   Section        0  stm32f10x_it.o(i.HardFault_Handler)
    i.IsCardProgramming                      0x08000790   Section        0  bsp_sdio_sdcard.o(i.IsCardProgramming)
    IsCardProgramming                        0x08000791   Thumb Code   394  bsp_sdio_sdcard.o(i.IsCardProgramming)
    i.MemManage_Handler                      0x0800092c   Section        0  stm32f10x_it.o(i.MemManage_Handler)
    i.NMI_Handler                            0x08000930   Section        0  stm32f10x_it.o(i.NMI_Handler)
    i.NVIC_Configuration                     0x08000932   Section        0  bsp_sdio_sdcard.o(i.NVIC_Configuration)
    i.NVIC_Init                              0x0800095c   Section        0  misc.o(i.NVIC_Init)
    i.NVIC_PriorityGroupConfig               0x080009d0   Section        0  misc.o(i.NVIC_PriorityGroupConfig)
    i.PendSV_Handler                         0x080009e4   Section        0  stm32f10x_it.o(i.PendSV_Handler)
    i.RCC_AHBPeriphClockCmd                  0x080009e8   Section        0  stm32f10x_rcc.o(i.RCC_AHBPeriphClockCmd)
    i.RCC_APB2PeriphClockCmd                 0x08000a08   Section        0  stm32f10x_rcc.o(i.RCC_APB2PeriphClockCmd)
    i.RCC_GetClocksFreq                      0x08000a28   Section        0  stm32f10x_rcc.o(i.RCC_GetClocksFreq)
    i.SDEnWideBus                            0x08000afc   Section        0  bsp_sdio_sdcard.o(i.SDEnWideBus)
    SDEnWideBus                              0x08000afd   Thumb Code   300  bsp_sdio_sdcard.o(i.SDEnWideBus)
    i.SDIO_ClearFlag                         0x08000ca0   Section        0  stm32f10x_sdio.o(i.SDIO_ClearFlag)
    i.SDIO_ClearITPendingBit                 0x08000cac   Section        0  stm32f10x_sdio.o(i.SDIO_ClearITPendingBit)
    i.SDIO_ClockCmd                          0x08000cb8   Section        0  stm32f10x_sdio.o(i.SDIO_ClockCmd)
    i.SDIO_DMACmd                            0x08000cc4   Section        0  stm32f10x_sdio.o(i.SDIO_DMACmd)
    i.SDIO_DataConfig                        0x08000cd0   Section        0  stm32f10x_sdio.o(i.SDIO_DataConfig)
    i.SDIO_DeInit                            0x08000d00   Section        0  stm32f10x_sdio.o(i.SDIO_DeInit)
    i.SDIO_GetCommandResponse                0x08000d24   Section        0  stm32f10x_sdio.o(i.SDIO_GetCommandResponse)
    i.SDIO_GetFlagStatus                     0x08000d30   Section        0  stm32f10x_sdio.o(i.SDIO_GetFlagStatus)
    i.SDIO_GetPowerState                     0x08000d48   Section        0  stm32f10x_sdio.o(i.SDIO_GetPowerState)
    i.SDIO_GetResponse                       0x08000d58   Section        0  stm32f10x_sdio.o(i.SDIO_GetResponse)
    i.SDIO_IRQHandler                        0x08000d70   Section        0  stm32f10x_it.o(i.SDIO_IRQHandler)
    i.SDIO_ITConfig                          0x08000d78   Section        0  stm32f10x_sdio.o(i.SDIO_ITConfig)
    i.SDIO_Init                              0x08000d98   Section        0  stm32f10x_sdio.o(i.SDIO_Init)
    i.SDIO_ReadData                          0x08000dc8   Section        0  stm32f10x_sdio.o(i.SDIO_ReadData)
    i.SDIO_SendCommand                       0x08000dd4   Section        0  stm32f10x_sdio.o(i.SDIO_SendCommand)
    i.SDIO_SetPowerState                     0x08000e00   Section        0  stm32f10x_sdio.o(i.SDIO_SetPowerState)
    i.SD_DMAEndOfTransferStatus              0x08000e1c   Section        0  bsp_sdio_sdcard.o(i.SD_DMAEndOfTransferStatus)
    SD_DMAEndOfTransferStatus                0x08000e1d   Thumb Code    10  bsp_sdio_sdcard.o(i.SD_DMAEndOfTransferStatus)
    i.SD_DMA_RxConfig                        0x08000e2c   Section        0  bsp_sdio_sdcard.o(i.SD_DMA_RxConfig)
    SD_DMA_RxConfig                          0x08000e2d   Thumb Code    86  bsp_sdio_sdcard.o(i.SD_DMA_RxConfig)
    i.SD_DMA_TxConfig                        0x08000e90   Section        0  bsp_sdio_sdcard.o(i.SD_DMA_TxConfig)
    SD_DMA_TxConfig                          0x08000e91   Thumb Code    86  bsp_sdio_sdcard.o(i.SD_DMA_TxConfig)
    i.SD_EnableWideBusOperation              0x08000ef4   Section        0  bsp_sdio_sdcard.o(i.SD_EnableWideBusOperation)
    i.SD_Erase                               0x0800105c   Section        0  bsp_sdio_sdcard.o(i.SD_Erase)
    i.SD_EraseTest                           0x08001194   Section        0  main.o(i.SD_EraseTest)
    i.SD_GetCardInfo                         0x08001268   Section        0  bsp_sdio_sdcard.o(i.SD_GetCardInfo)
    i.SD_GetState                            0x08001560   Section        0  bsp_sdio_sdcard.o(i.SD_GetState)
    i.SD_GetStatus                           0x0800157a   Section        0  bsp_sdio_sdcard.o(i.SD_GetStatus)
    i.SD_Init                                0x08001598   Section        0  bsp_sdio_sdcard.o(i.SD_Init)
    i.SD_InitializeCards                     0x080016fc   Section        0  bsp_sdio_sdcard.o(i.SD_InitializeCards)
    i.SD_MultiBlockTest                      0x08001838   Section        0  main.o(i.SD_MultiBlockTest)
    i.SD_PowerON                             0x08001980   Section        0  bsp_sdio_sdcard.o(i.SD_PowerON)
    i.SD_ProcessIRQSrc                       0x08001bbc   Section        0  bsp_sdio_sdcard.o(i.SD_ProcessIRQSrc)
    i.SD_ReadBlock                           0x08001c14   Section        0  bsp_sdio_sdcard.o(i.SD_ReadBlock)
    i.SD_ReadMultiBlocks                     0x08001cf0   Section        0  bsp_sdio_sdcard.o(i.SD_ReadMultiBlocks)
    i.SD_SelectDeselect                      0x08001dd8   Section        0  bsp_sdio_sdcard.o(i.SD_SelectDeselect)
    i.SD_SendStatus                          0x08001e0c   Section        0  bsp_sdio_sdcard.o(i.SD_SendStatus)
    i.SD_SingleBlockTest                     0x08001e44   Section        0  main.o(i.SD_SingleBlockTest)
    i.SD_WaitReadOperation                   0x08001f14   Section        0  bsp_sdio_sdcard.o(i.SD_WaitReadOperation)
    i.SD_WaitWriteOperation                  0x08001f64   Section        0  bsp_sdio_sdcard.o(i.SD_WaitWriteOperation)
    i.SD_WriteBlock                          0x08001fa0   Section        0  bsp_sdio_sdcard.o(i.SD_WriteBlock)
    i.SD_WriteMultiBlocks                    0x0800207c   Section        0  bsp_sdio_sdcard.o(i.SD_WriteMultiBlocks)
    i.SVC_Handler                            0x080021c4   Section        0  stm32f10x_it.o(i.SVC_Handler)
    i.SetSysClock                            0x080021c6   Section        0  system_stm32f10x.o(i.SetSysClock)
    SetSysClock                              0x080021c7   Thumb Code     8  system_stm32f10x.o(i.SetSysClock)
    i.SetSysClockTo72                        0x080021d0   Section        0  system_stm32f10x.o(i.SetSysClockTo72)
    SetSysClockTo72                          0x080021d1   Thumb Code   212  system_stm32f10x.o(i.SetSysClockTo72)
    i.SysTick_Handler                        0x080022ac   Section        0  stm32f10x_it.o(i.SysTick_Handler)
    i.SystemInit                             0x080022b0   Section        0  system_stm32f10x.o(i.SystemInit)
    i.USART1_Config                          0x08002310   Section        0  bsp_usart1.o(i.USART1_Config)
    i.USART_Cmd                              0x0800238c   Section        0  stm32f10x_usart.o(i.USART_Cmd)
    i.USART_GetFlagStatus                    0x080023a4   Section        0  stm32f10x_usart.o(i.USART_GetFlagStatus)
    i.USART_Init                             0x080023c0   Section        0  stm32f10x_usart.o(i.USART_Init)
    i.USART_SendData                         0x08002498   Section        0  stm32f10x_usart.o(i.USART_SendData)
    i.UsageFault_Handler                     0x080024a0   Section        0  stm32f10x_it.o(i.UsageFault_Handler)
    i.__0printf$1                            0x080024a4   Section        0  printf1.o(i.__0printf$1)
    i.__scatterload_copy                     0x080024c4   Section       14  handlers.o(i.__scatterload_copy)
    i.__scatterload_null                     0x080024d2   Section        2  handlers.o(i.__scatterload_null)
    i.__scatterload_zeroinit                 0x080024d4   Section       14  handlers.o(i.__scatterload_zeroinit)
    i._printf_core                           0x080024e4   Section        0  printf1.o(i._printf_core)
    _printf_core                             0x080024e5   Thumb Code   334  printf1.o(i._printf_core)
    i.eBuffercmp                             0x08002638   Section        0  main.o(i.eBuffercmp)
    i.fputc                                  0x08002658   Section        0  bsp_usart1.o(i.fputc)
    i.main                                   0x0800267c   Section        0  main.o(i.main)
    .data                                    0x20000000   Section       21  main.o(.data)
    .data                                    0x20000015   Section       20  stm32f10x_rcc.o(.data)
    APBAHBPrescTable                         0x20000015   Data          16  stm32f10x_rcc.o(.data)
    ADCPrescTable                            0x20000025   Data           4  stm32f10x_rcc.o(.data)
    .data                                    0x2000002c   Section       20  bsp_sdio_sdcard.o(.data)
    CardType                                 0x2000002c   Data           4  bsp_sdio_sdcard.o(.data)
    RCA                                      0x20000030   Data           4  bsp_sdio_sdcard.o(.data)
    .data                                    0x20000040   Section        4  stdout.o(.data)
    .bss                                     0x20000044   Section    36876  main.o(.bss)
    .bss                                     0x20009050   Section      196  bsp_sdio_sdcard.o(.bss)
    CSD_Tab                                  0x20009050   Data          16  bsp_sdio_sdcard.o(.bss)
    CID_Tab                                  0x20009060   Data          16  bsp_sdio_sdcard.o(.bss)
    SDSTATUS_Tab                             0x20009070   Data          16  bsp_sdio_sdcard.o(.bss)
    STACK                                    0x20009118   Section     1024  startup_stm32f10x_hd.o(STACK)

    Global Symbols

    Symbol Name                              Value     Ov Type        Size  Object(Section)

    BuildAttributes$$THM_ISAv4$P$D$K$B$S$PE$A:L22UL41UL21$X:L11$S22US41US21$IEEE1$IW$USESV6$~STKCKD$USESV7$~SHL$OSPACE$ROPI$EBA8$MICROLIB$REQ8$PRES8$EABIv2 0x00000000   Number         0  anon$$obj.o ABSOLUTE
    __ARM_use_no_argv                        0x00000000   Number         0  main.o ABSOLUTE
    _printf_a                                0x00000000   Number         0  stubs.o ABSOLUTE
    _printf_c                                0x00000000   Number         0  stubs.o ABSOLUTE
    _printf_charcount                        0x00000000   Number         0  stubs.o ABSOLUTE
    _printf_d                                0x00000000   Number         0  stubs.o ABSOLUTE
    _printf_e                                0x00000000   Number         0  stubs.o ABSOLUTE
    _printf_f                                0x00000000   Number         0  stubs.o ABSOLUTE
    _printf_flags                            0x00000000   Number         0  stubs.o ABSOLUTE
    _printf_fp_dec                           0x00000000   Number         0  stubs.o ABSOLUTE
    _printf_fp_hex                           0x00000000   Number         0  stubs.o ABSOLUTE
    _printf_g                                0x00000000   Number         0  stubs.o ABSOLUTE
    _printf_i                                0x00000000   Number         0  stubs.o ABSOLUTE
    _printf_int_dec                          0x00000000   Number         0  stubs.o ABSOLUTE
    _printf_l                                0x00000000   Number         0  stubs.o ABSOLUTE
    _printf_lc                               0x00000000   Number         0  stubs.o ABSOLUTE
    _printf_ll                               0x00000000   Number         0  stubs.o ABSOLUTE
    _printf_lld                              0x00000000   Number         0  stubs.o ABSOLUTE
    _printf_lli                              0x00000000   Number         0  stubs.o ABSOLUTE
    _printf_llo                              0x00000000   Number         0  stubs.o ABSOLUTE
    _printf_llu                              0x00000000   Number         0  stubs.o ABSOLUTE
    _printf_llx                              0x00000000   Number         0  stubs.o ABSOLUTE
    _printf_longlong_dec                     0x00000000   Number         0  stubs.o ABSOLUTE
    _printf_longlong_hex                     0x00000000   Number         0  stubs.o ABSOLUTE
    _printf_longlong_oct                     0x00000000   Number         0  stubs.o ABSOLUTE
    _printf_ls                               0x00000000   Number         0  stubs.o ABSOLUTE
    _printf_mbtowc                           0x00000000   Number         0  stubs.o ABSOLUTE
    _printf_n                                0x00000000   Number         0  stubs.o ABSOLUTE
    _printf_o                                0x00000000   Number         0  stubs.o ABSOLUTE
    _printf_p                                0x00000000   Number         0  stubs.o ABSOLUTE
    _printf_percent                          0x00000000   Number         0  stubs.o ABSOLUTE
    _printf_pre_padding                      0x00000000   Number         0  stubs.o ABSOLUTE
    _printf_return_value                     0x00000000   Number         0  stubs.o ABSOLUTE
    _printf_s                                0x00000000   Number         0  stubs.o ABSOLUTE
    _printf_sizespec                         0x00000000   Number         0  stubs.o ABSOLUTE
    _printf_str                              0x00000000   Number         0  stubs.o ABSOLUTE
    _printf_truncate_signed                  0x00000000   Number         0  stubs.o ABSOLUTE
    _printf_truncate_unsigned                0x00000000   Number         0  stubs.o ABSOLUTE
    _printf_u                                0x00000000   Number         0  stubs.o ABSOLUTE
    _printf_wc                               0x00000000   Number         0  stubs.o ABSOLUTE
    _printf_wctomb                           0x00000000   Number         0  stubs.o ABSOLUTE
    _printf_widthprec                        0x00000000   Number         0  stubs.o ABSOLUTE
    _printf_x                                0x00000000   Number         0  stubs.o ABSOLUTE
    __cpp_initialize__aeabi_                  - Undefined Weak Reference
    __cxa_finalize                            - Undefined Weak Reference
    __decompress                              - Undefined Weak Reference
    _clock_init                               - Undefined Weak Reference
    _microlib_exit                            - Undefined Weak Reference
    __Vectors_Size                           0x00000130   Number         0  startup_stm32f10x_hd.o ABSOLUTE
    __Vectors                                0x08000000   Data           4  startup_stm32f10x_hd.o(RESET)
    __Vectors_End                            0x08000130   Data           0  startup_stm32f10x_hd.o(RESET)
    __main                                   0x08000131   Thumb Code     0  entry.o(.ARM.Collect$$$$00000000)
    _main_stk                                0x08000131   Thumb Code     0  entry2.o(.ARM.Collect$$$$00000001)
    _main_scatterload                        0x08000135   Thumb Code     0  entry5.o(.ARM.Collect$$$$00000004)
    __main_after_scatterload                 0x08000139   Thumb Code     0  entry5.o(.ARM.Collect$$$$00000004)
    _main_clock                              0x08000139   Thumb Code     0  entry7b.o(.ARM.Collect$$$$00000008)
    _main_cpp_init                           0x08000139   Thumb Code     0  entry8b.o(.ARM.Collect$$$$0000000A)
    _main_init                               0x08000139   Thumb Code     0  entry9a.o(.ARM.Collect$$$$0000000B)
    __rt_final_cpp                           0x08000141   Thumb Code     0  entry10a.o(.ARM.Collect$$$$0000000D)
    __rt_final_exit                          0x08000141   Thumb Code     0  entry11a.o(.ARM.Collect$$$$0000000F)
    Reset_Handler                            0x08000145   Thumb Code     8  startup_stm32f10x_hd.o(.text)
    ADC1_2_IRQHandler                        0x0800015f   Thumb Code     0  startup_stm32f10x_hd.o(.text)
    ADC3_IRQHandler                          0x0800015f   Thumb Code     0  startup_stm32f10x_hd.o(.text)
    CAN1_RX1_IRQHandler                      0x0800015f   Thumb Code     0  startup_stm32f10x_hd.o(.text)
    CAN1_SCE_IRQHandler                      0x0800015f   Thumb Code     0  startup_stm32f10x_hd.o(.text)
    DMA1_Channel1_IRQHandler                 0x0800015f   Thumb Code     0  startup_stm32f10x_hd.o(.text)
    DMA1_Channel2_IRQHandler                 0x0800015f   Thumb Code     0  startup_stm32f10x_hd.o(.text)
    DMA1_Channel3_IRQHandler                 0x0800015f   Thumb Code     0  startup_stm32f10x_hd.o(.text)
    DMA1_Channel4_IRQHandler                 0x0800015f   Thumb Code     0  startup_stm32f10x_hd.o(.text)
    DMA1_Channel5_IRQHandler                 0x0800015f   Thumb Code     0  startup_stm32f10x_hd.o(.text)
    DMA1_Channel6_IRQHandler                 0x0800015f   Thumb Code     0  startup_stm32f10x_hd.o(.text)
    DMA1_Channel7_IRQHandler                 0x0800015f   Thumb Code     0  startup_stm32f10x_hd.o(.text)
    DMA2_Channel1_IRQHandler                 0x0800015f   Thumb Code     0  startup_stm32f10x_hd.o(.text)
    DMA2_Channel2_IRQHandler                 0x0800015f   Thumb Code     0  startup_stm32f10x_hd.o(.text)
    DMA2_Channel3_IRQHandler                 0x0800015f   Thumb Code     0  startup_stm32f10x_hd.o(.text)
    DMA2_Channel4_5_IRQHandler               0x0800015f   Thumb Code     0  startup_stm32f10x_hd.o(.text)
    EXTI0_IRQHandler                         0x0800015f   Thumb Code     0  startup_stm32f10x_hd.o(.text)
    EXTI15_10_IRQHandler                     0x0800015f   Thumb Code     0  startup_stm32f10x_hd.o(.text)
    EXTI1_IRQHandler                         0x0800015f   Thumb Code     0  startup_stm32f10x_hd.o(.text)
    EXTI2_IRQHandler                         0x0800015f   Thumb Code     0  startup_stm32f10x_hd.o(.text)
    EXTI3_IRQHandler                         0x0800015f   Thumb Code     0  startup_stm32f10x_hd.o(.text)
    EXTI4_IRQHandler                         0x0800015f   Thumb Code     0  startup_stm32f10x_hd.o(.text)
    EXTI9_5_IRQHandler                       0x0800015f   Thumb Code     0  startup_stm32f10x_hd.o(.text)
    FLASH_IRQHandler                         0x0800015f   Thumb Code     0  startup_stm32f10x_hd.o(.text)
    FSMC_IRQHandler                          0x0800015f   Thumb Code     0  startup_stm32f10x_hd.o(.text)
    I2C1_ER_IRQHandler                       0x0800015f   Thumb Code     0  startup_stm32f10x_hd.o(.text)
    I2C1_EV_IRQHandler                       0x0800015f   Thumb Code     0  startup_stm32f10x_hd.o(.text)
    I2C2_ER_IRQHandler                       0x0800015f   Thumb Code     0  startup_stm32f10x_hd.o(.text)
    I2C2_EV_IRQHandler                       0x0800015f   Thumb Code     0  startup_stm32f10x_hd.o(.text)
    PVD_IRQHandler                           0x0800015f   Thumb Code     0  startup_stm32f10x_hd.o(.text)
    RCC_IRQHandler                           0x0800015f   Thumb Code     0  startup_stm32f10x_hd.o(.text)
    RTCAlarm_IRQHandler                      0x0800015f   Thumb Code     0  startup_stm32f10x_hd.o(.text)
    RTC_IRQHandler                           0x0800015f   Thumb Code     0  startup_stm32f10x_hd.o(.text)
    SPI1_IRQHandler                          0x0800015f   Thumb Code     0  startup_stm32f10x_hd.o(.text)
    SPI2_IRQHandler                          0x0800015f   Thumb Code     0  startup_stm32f10x_hd.o(.text)
    SPI3_IRQHandler                          0x0800015f   Thumb Code     0  startup_stm32f10x_hd.o(.text)
    TAMPER_IRQHandler                        0x0800015f   Thumb Code     0  startup_stm32f10x_hd.o(.text)
    TIM1_BRK_IRQHandler                      0x0800015f   Thumb Code     0  startup_stm32f10x_hd.o(.text)
    TIM1_CC_IRQHandler                       0x0800015f   Thumb Code     0  startup_stm32f10x_hd.o(.text)
    TIM1_TRG_COM_IRQHandler                  0x0800015f   Thumb Code     0  startup_stm32f10x_hd.o(.text)
    TIM1_UP_IRQHandler                       0x0800015f   Thumb Code     0  startup_stm32f10x_hd.o(.text)
    TIM2_IRQHandler                          0x0800015f   Thumb Code     0  startup_stm32f10x_hd.o(.text)
    TIM3_IRQHandler                          0x0800015f   Thumb Code     0  startup_stm32f10x_hd.o(.text)
    TIM4_IRQHandler                          0x0800015f   Thumb Code     0  startup_stm32f10x_hd.o(.text)
    TIM5_IRQHandler                          0x0800015f   Thumb Code     0  startup_stm32f10x_hd.o(.text)
    TIM6_IRQHandler                          0x0800015f   Thumb Code     0  startup_stm32f10x_hd.o(.text)
    TIM7_IRQHandler                          0x0800015f   Thumb Code     0  startup_stm32f10x_hd.o(.text)
    TIM8_BRK_IRQHandler                      0x0800015f   Thumb Code     0  startup_stm32f10x_hd.o(.text)
    TIM8_CC_IRQHandler                       0x0800015f   Thumb Code     0  startup_stm32f10x_hd.o(.text)
    TIM8_TRG_COM_IRQHandler                  0x0800015f   Thumb Code     0  startup_stm32f10x_hd.o(.text)
    TIM8_UP_IRQHandler                       0x0800015f   Thumb Code     0  startup_stm32f10x_hd.o(.text)
    UART4_IRQHandler                         0x0800015f   Thumb Code     0  startup_stm32f10x_hd.o(.text)
    UART5_IRQHandler                         0x0800015f   Thumb Code     0  startup_stm32f10x_hd.o(.text)
    USART1_IRQHandler                        0x0800015f   Thumb Code     0  startup_stm32f10x_hd.o(.text)
    USART2_IRQHandler                        0x0800015f   Thumb Code     0  startup_stm32f10x_hd.o(.text)
    USART3_IRQHandler                        0x0800015f   Thumb Code     0  startup_stm32f10x_hd.o(.text)
    USBWakeUp_IRQHandler                     0x0800015f   Thumb Code     0  startup_stm32f10x_hd.o(.text)
    USB_HP_CAN1_TX_IRQHandler                0x0800015f   Thumb Code     0  startup_stm32f10x_hd.o(.text)
    USB_LP_CAN1_RX0_IRQHandler               0x0800015f   Thumb Code     0  startup_stm32f10x_hd.o(.text)
    WWDG_IRQHandler                          0x0800015f   Thumb Code     0  startup_stm32f10x_hd.o(.text)
    __aeabi_uidiv                            0x08000169   Thumb Code     0  uidiv.o(.text)
    __aeabi_uidivmod                         0x08000169   Thumb Code    44  uidiv.o(.text)
    __scatterload                            0x08000195   Thumb Code    28  init.o(.text)
    __scatterload_rt2                        0x08000195   Thumb Code     0  init.o(.text)
    Buffercmp                                0x080001b9   Thumb Code    34  main.o(i.Buffercmp)
    BusFault_Handler                         0x080001db   Thumb Code     4  stm32f10x_it.o(i.BusFault_Handler)
    DMA_ClearFlag                            0x080003e1   Thumb Code    18  stm32f10x_dma.o(i.DMA_ClearFlag)
    DMA_Cmd                                  0x080003fd   Thumb Code    24  stm32f10x_dma.o(i.DMA_Cmd)
    DMA_GetFlagStatus                        0x08000415   Thumb Code    34  stm32f10x_dma.o(i.DMA_GetFlagStatus)
    DMA_Init                                 0x08000441   Thumb Code    60  stm32f10x_dma.o(i.DMA_Init)
    DebugMon_Handler                         0x0800047d   Thumb Code     2  stm32f10x_it.o(i.DebugMon_Handler)
    Fill_Buffer                              0x0800047f   Thumb Code    24  main.o(i.Fill_Buffer)
    GPIO_Init                                0x08000679   Thumb Code   274  stm32f10x_gpio.o(i.GPIO_Init)
    HardFault_Handler                        0x0800078b   Thumb Code     4  stm32f10x_it.o(i.HardFault_Handler)
    MemManage_Handler                        0x0800092d   Thumb Code     4  stm32f10x_it.o(i.MemManage_Handler)
    NMI_Handler                              0x08000931   Thumb Code     2  stm32f10x_it.o(i.NMI_Handler)
    NVIC_Configuration                       0x08000933   Thumb Code    40  bsp_sdio_sdcard.o(i.NVIC_Configuration)
    NVIC_Init                                0x0800095d   Thumb Code   102  misc.o(i.NVIC_Init)
    NVIC_PriorityGroupConfig                 0x080009d1   Thumb Code    10  misc.o(i.NVIC_PriorityGroupConfig)
    PendSV_Handler                           0x080009e5   Thumb Code     2  stm32f10x_it.o(i.PendSV_Handler)
    RCC_AHBPeriphClockCmd                    0x080009e9   Thumb Code    26  stm32f10x_rcc.o(i.RCC_AHBPeriphClockCmd)
    RCC_APB2PeriphClockCmd                   0x08000a09   Thumb Code    26  stm32f10x_rcc.o(i.RCC_APB2PeriphClockCmd)
    RCC_GetClocksFreq                        0x08000a29   Thumb Code   192  stm32f10x_rcc.o(i.RCC_GetClocksFreq)
    SDIO_ClearFlag                           0x08000ca1   Thumb Code     6  stm32f10x_sdio.o(i.SDIO_ClearFlag)
    SDIO_ClearITPendingBit                   0x08000cad   Thumb Code     6  stm32f10x_sdio.o(i.SDIO_ClearITPendingBit)
    SDIO_ClockCmd                            0x08000cb9   Thumb Code     6  stm32f10x_sdio.o(i.SDIO_ClockCmd)
    SDIO_DMACmd                              0x08000cc5   Thumb Code     6  stm32f10x_sdio.o(i.SDIO_DMACmd)
    SDIO_DataConfig                          0x08000cd1   Thumb Code    42  stm32f10x_sdio.o(i.SDIO_DataConfig)
    SDIO_DeInit                              0x08000d01   Thumb Code    28  stm32f10x_sdio.o(i.SDIO_DeInit)
    SDIO_GetCommandResponse                  0x08000d25   Thumb Code     8  stm32f10x_sdio.o(i.SDIO_GetCommandResponse)
    SDIO_GetFlagStatus                       0x08000d31   Thumb Code    20  stm32f10x_sdio.o(i.SDIO_GetFlagStatus)
    SDIO_GetPowerState                       0x08000d49   Thumb Code    10  stm32f10x_sdio.o(i.SDIO_GetPowerState)
    SDIO_GetResponse                         0x08000d59   Thumb Code    20  stm32f10x_sdio.o(i.SDIO_GetResponse)
    SDIO_IRQHandler                          0x08000d71   Thumb Code     8  stm32f10x_it.o(i.SDIO_IRQHandler)
    SDIO_ITConfig                            0x08000d79   Thumb Code    26  stm32f10x_sdio.o(i.SDIO_ITConfig)
    SDIO_Init                                0x08000d99   Thumb Code    42  stm32f10x_sdio.o(i.SDIO_Init)
    SDIO_ReadData                            0x08000dc9   Thumb Code     6  stm32f10x_sdio.o(i.SDIO_ReadData)
    SDIO_SendCommand                         0x08000dd5   Thumb Code    38  stm32f10x_sdio.o(i.SDIO_SendCommand)
    SDIO_SetPowerState                       0x08000e01   Thumb Code    22  stm32f10x_sdio.o(i.SDIO_SetPowerState)
    SD_EnableWideBusOperation                0x08000ef5   Thumb Code   184  bsp_sdio_sdcard.o(i.SD_EnableWideBusOperation)
    SD_Erase                                 0x0800105d   Thumb Code   290  bsp_sdio_sdcard.o(i.SD_Erase)
    SD_EraseTest                             0x08001195   Thumb Code   118  main.o(i.SD_EraseTest)
    SD_GetCardInfo                           0x08001269   Thumb Code   742  bsp_sdio_sdcard.o(i.SD_GetCardInfo)
    SD_GetState                              0x08001561   Thumb Code    26  bsp_sdio_sdcard.o(i.SD_GetState)
    SD_GetStatus                             0x0800157b   Thumb Code    30  bsp_sdio_sdcard.o(i.SD_GetStatus)
    SD_Init                                  0x08001599   Thumb Code   150  bsp_sdio_sdcard.o(i.SD_Init)
    SD_InitializeCards                       0x080016fd   Thumb Code   294  bsp_sdio_sdcard.o(i.SD_InitializeCards)
    SD_MultiBlockTest                        0x08001839   Thumb Code   202  main.o(i.SD_MultiBlockTest)
    SD_PowerON                               0x08001981   Thumb Code   406  bsp_sdio_sdcard.o(i.SD_PowerON)
    SD_ProcessIRQSrc                         0x08001bbd   Thumb Code    70  bsp_sdio_sdcard.o(i.SD_ProcessIRQSrc)
    SD_ReadBlock                             0x08001c15   Thumb Code   192  bsp_sdio_sdcard.o(i.SD_ReadBlock)
    SD_ReadMultiBlocks                       0x08001cf1   Thumb Code   202  bsp_sdio_sdcard.o(i.SD_ReadMultiBlocks)
    SD_SelectDeselect                        0x08001dd9   Thumb Code    48  bsp_sdio_sdcard.o(i.SD_SelectDeselect)
    SD_SendStatus                            0x08001e0d   Thumb Code    46  bsp_sdio_sdcard.o(i.SD_SendStatus)
    SD_SingleBlockTest                       0x08001e45   Thumb Code   142  main.o(i.SD_SingleBlockTest)
    SD_WaitReadOperation                     0x08001f15   Thumb Code    48  bsp_sdio_sdcard.o(i.SD_WaitReadOperation)
    SD_WaitWriteOperation                    0x08001f65   Thumb Code    50  bsp_sdio_sdcard.o(i.SD_WaitWriteOperation)
    SD_WriteBlock                            0x08001fa1   Thumb Code   190  bsp_sdio_sdcard.o(i.SD_WriteBlock)
    SD_WriteMultiBlocks                      0x0800207d   Thumb Code   294  bsp_sdio_sdcard.o(i.SD_WriteMultiBlocks)
    SVC_Handler                              0x080021c5   Thumb Code     2  stm32f10x_it.o(i.SVC_Handler)
    SysTick_Handler                          0x080022ad   Thumb Code     2  stm32f10x_it.o(i.SysTick_Handler)
    SystemInit                               0x080022b1   Thumb Code    78  system_stm32f10x.o(i.SystemInit)
    USART1_Config                            0x08002311   Thumb Code   114  bsp_usart1.o(i.USART1_Config)
    USART_Cmd                                0x0800238d   Thumb Code    24  stm32f10x_usart.o(i.USART_Cmd)
    USART_GetFlagStatus                      0x080023a5   Thumb Code    26  stm32f10x_usart.o(i.USART_GetFlagStatus)
    USART_Init                               0x080023c1   Thumb Code   210  stm32f10x_usart.o(i.USART_Init)
    USART_SendData                           0x08002499   Thumb Code     8  stm32f10x_usart.o(i.USART_SendData)
    UsageFault_Handler                       0x080024a1   Thumb Code     4  stm32f10x_it.o(i.UsageFault_Handler)
    __0printf$1                              0x080024a5   Thumb Code    22  printf1.o(i.__0printf$1)
    __1printf$1                              0x080024a5   Thumb Code     0  printf1.o(i.__0printf$1)
    __2printf                                0x080024a5   Thumb Code     0  printf1.o(i.__0printf$1)
    __scatterload_copy                       0x080024c5   Thumb Code    14  handlers.o(i.__scatterload_copy)
    __scatterload_null                       0x080024d3   Thumb Code     2  handlers.o(i.__scatterload_null)
    __scatterload_zeroinit                   0x080024d5   Thumb Code    14  handlers.o(i.__scatterload_zeroinit)
    eBuffercmp                               0x08002639   Thumb Code    32  main.o(i.eBuffercmp)
    fputc                                    0x08002659   Thumb Code    32  bsp_usart1.o(i.fputc)
    main                                     0x0800267d   Thumb Code   138  main.o(i.main)
    Region$$Table$$Base                      0x08002830   Number         0  anon$$obj.o(Region$$Table)
    Region$$Table$$Limit                     0x08002850   Number         0  anon$$obj.o(Region$$Table)
    Status                                   0x20000000   Data           1  main.o(.data)
    EraseStatus                              0x20000001   Data           1  main.o(.data)
    TransferStatus1                          0x20000002   Data           1  main.o(.data)
    TransferStatus2                          0x20000003   Data           1  main.o(.data)
    Tab                                      0x20000004   Data          17  main.o(.data)
    StopCondition                            0x20000034   Data           4  bsp_sdio_sdcard.o(.data)
    TransferError                            0x20000038   Data           1  bsp_sdio_sdcard.o(.data)
    TransferEnd                              0x2000003c   Data           4  bsp_sdio_sdcard.o(.data)
    __stdout                                 0x20000040   Data           4  stdout.o(.data)
    Buffer_MultiBlock_Tx                     0x20000044   Data       16384  main.o(.bss)
    Buffer_MultiBlock_Rx                     0x20004044   Data       16384  main.o(.bss)
    Buffer_Block_Tx                          0x20008044   Data         512  main.o(.bss)
    Buffer_Block_Rx                          0x20008244   Data         512  main.o(.bss)
    send_data                                0x20008444   Data        1536  main.o(.bss)
    receive_data                             0x20008a44   Data        1536  main.o(.bss)
    ID_num                                   0x20009044   Data          12  main.o(.bss)
    SDCardInfo                               0x20009080   Data          80  bsp_sdio_sdcard.o(.bss)
    SDIO_InitStructure                       0x200090d0   Data          24  bsp_sdio_sdcard.o(.bss)
    SDIO_CmdInitStructure                    0x200090e8   Data          20  bsp_sdio_sdcard.o(.bss)
    SDIO_DataInitStructure                   0x200090fc   Data          24  bsp_sdio_sdcard.o(.bss)
    __initial_sp                             0x20009518   Data           0  startup_stm32f10x_hd.o(STACK)



==============================================================================

Memory Map of the image

  Image Entry point : 0x08000145

  Load Region LR_1 (Base: 0x08000000, Size: 0x00002894, Max: 0xffffffff, ABSOLUTE)

    Execution Region ER_RO (Base: 0x08000000, Size: 0x00002850, Max: 0xffffffff, ABSOLUTE)

    Base Addr    Size         Type   Attr      Idx    E Section Name        Object

    0x08000000   0x00000130   Data   RO            3    RESET               startup_stm32f10x_hd.o
    0x08000130   0x00000000   Code   RO         1421  * .ARM.Collect$$$$00000000  mc_w.l(entry.o)
    0x08000130   0x00000004   Code   RO         1685    .ARM.Collect$$$$00000001  mc_w.l(entry2.o)
    0x08000134   0x00000004   Code   RO         1688    .ARM.Collect$$$$00000004  mc_w.l(entry5.o)
    0x08000138   0x00000000   Code   RO         1690    .ARM.Collect$$$$00000008  mc_w.l(entry7b.o)
    0x08000138   0x00000000   Code   RO         1692    .ARM.Collect$$$$0000000A  mc_w.l(entry8b.o)
    0x08000138   0x00000008   Code   RO         1693    .ARM.Collect$$$$0000000B  mc_w.l(entry9a.o)
    0x08000140   0x00000000   Code   RO         1695    .ARM.Collect$$$$0000000D  mc_w.l(entry10a.o)
    0x08000140   0x00000000   Code   RO         1697    .ARM.Collect$$$$0000000F  mc_w.l(entry11a.o)
    0x08000140   0x00000004   Code   RO         1686    .ARM.Collect$$$$00002712  mc_w.l(entry2.o)
    0x08000144   0x00000024   Code   RO            4  * .text               startup_stm32f10x_hd.o
    0x08000168   0x0000002c   Code   RO         1700    .text               mc_w.l(uidiv.o)
    0x08000194   0x00000024   Code   RO         1715    .text               mc_w.l(init.o)
    0x080001b8   0x00000022   Code   RO          139    i.Buffercmp         main.o
    0x080001da   0x00000004   Code   RO          245    i.BusFault_Handler  stm32f10x_it.o
    0x080001de   0x0000002c   Code   RO          884    i.CmdError          bsp_sdio_sdcard.o
    0x0800020a   0x00000002   PAD
    0x0800020c   0x00000028   Code   RO          885    i.CmdResp1Error     bsp_sdio_sdcard.o
    0x08000234   0x00000048   Code   RO          886    i.CmdResp2Error     bsp_sdio_sdcard.o
    0x0800027c   0x00000038   Code   RO          887    i.CmdResp3Error     bsp_sdio_sdcard.o
    0x080002b4   0x0000009c   Code   RO          888    i.CmdResp6Error     bsp_sdio_sdcard.o
    0x08000350   0x00000090   Code   RO          889    i.CmdResp7Error     bsp_sdio_sdcard.o
    0x080003e0   0x0000001c   Code   RO         1343    i.DMA_ClearFlag     stm32f10x_dma.o
    0x080003fc   0x00000018   Code   RO         1345    i.DMA_Cmd           stm32f10x_dma.o
    0x08000414   0x0000002c   Code   RO         1348    i.DMA_GetFlagStatus  stm32f10x_dma.o
    0x08000440   0x0000003c   Code   RO         1351    i.DMA_Init          stm32f10x_dma.o
    0x0800047c   0x00000002   Code   RO          246    i.DebugMon_Handler  stm32f10x_it.o
    0x0800047e   0x00000018   Code   RO          141    i.Fill_Buffer       main.o
    0x08000496   0x00000002   PAD
    0x08000498   0x00000198   Code   RO          890    i.FindSCR           bsp_sdio_sdcard.o
    0x08000630   0x00000048   Code   RO          891    i.GPIO_Configuration  bsp_sdio_sdcard.o
    0x08000678   0x00000112   Code   RO          372    i.GPIO_Init         stm32f10x_gpio.o
    0x0800078a   0x00000004   Code   RO          247    i.HardFault_Handler  stm32f10x_it.o
    0x0800078e   0x00000002   PAD
    0x08000790   0x0000019c   Code   RO          892    i.IsCardProgramming  bsp_sdio_sdcard.o
    0x0800092c   0x00000004   Code   RO          248    i.MemManage_Handler  stm32f10x_it.o
    0x08000930   0x00000002   Code   RO          249    i.NMI_Handler       stm32f10x_it.o
    0x08000932   0x00000028   Code   RO          893    i.NVIC_Configuration  bsp_sdio_sdcard.o
    0x0800095a   0x00000002   PAD
    0x0800095c   0x00000074   Code   RO          322    i.NVIC_Init         misc.o
    0x080009d0   0x00000014   Code   RO          323    i.NVIC_PriorityGroupConfig  misc.o
    0x080009e4   0x00000002   Code   RO          250    i.PendSV_Handler    stm32f10x_it.o
    0x080009e6   0x00000002   PAD
    0x080009e8   0x00000020   Code   RO          489    i.RCC_AHBPeriphClockCmd  stm32f10x_rcc.o
    0x08000a08   0x00000020   Code   RO          492    i.RCC_APB2PeriphClockCmd  stm32f10x_rcc.o
    0x08000a28   0x000000d4   Code   RO          500    i.RCC_GetClocksFreq  stm32f10x_rcc.o
    0x08000afc   0x000001a4   Code   RO          894    i.SDEnWideBus       bsp_sdio_sdcard.o
    0x08000ca0   0x0000000c   Code   RO         1150    i.SDIO_ClearFlag    stm32f10x_sdio.o
    0x08000cac   0x0000000c   Code   RO         1151    i.SDIO_ClearITPendingBit  stm32f10x_sdio.o
    0x08000cb8   0x0000000c   Code   RO         1152    i.SDIO_ClockCmd     stm32f10x_sdio.o
    0x08000cc4   0x0000000c   Code   RO         1155    i.SDIO_DMACmd       stm32f10x_sdio.o
    0x08000cd0   0x00000030   Code   RO         1156    i.SDIO_DataConfig   stm32f10x_sdio.o
    0x08000d00   0x00000024   Code   RO         1158    i.SDIO_DeInit       stm32f10x_sdio.o
    0x08000d24   0x0000000c   Code   RO         1159    i.SDIO_GetCommandResponse  stm32f10x_sdio.o
    0x08000d30   0x00000018   Code   RO         1162    i.SDIO_GetFlagStatus  stm32f10x_sdio.o
    0x08000d48   0x00000010   Code   RO         1164    i.SDIO_GetPowerState  stm32f10x_sdio.o
    0x08000d58   0x00000018   Code   RO         1165    i.SDIO_GetResponse  stm32f10x_sdio.o
    0x08000d70   0x00000008   Code   RO          251    i.SDIO_IRQHandler   stm32f10x_it.o
    0x08000d78   0x00000020   Code   RO         1166    i.SDIO_ITConfig     stm32f10x_sdio.o
    0x08000d98   0x00000030   Code   RO         1167    i.SDIO_Init         stm32f10x_sdio.o
    0x08000dc8   0x0000000c   Code   RO         1168    i.SDIO_ReadData     stm32f10x_sdio.o
    0x08000dd4   0x0000002c   Code   RO         1170    i.SDIO_SendCommand  stm32f10x_sdio.o
    0x08000e00   0x0000001c   Code   RO         1172    i.SDIO_SetPowerState  stm32f10x_sdio.o
    0x08000e1c   0x00000010   Code   RO          895    i.SD_DMAEndOfTransferStatus  bsp_sdio_sdcard.o
    0x08000e2c   0x00000064   Code   RO          896    i.SD_DMA_RxConfig   bsp_sdio_sdcard.o
    0x08000e90   0x00000064   Code   RO          897    i.SD_DMA_TxConfig   bsp_sdio_sdcard.o
    0x08000ef4   0x00000168   Code   RO          899    i.SD_EnableWideBusOperation  bsp_sdio_sdcard.o
    0x0800105c   0x00000138   Code   RO          900    i.SD_Erase          bsp_sdio_sdcard.o
    0x08001194   0x000000d4   Code   RO          142    i.SD_EraseTest      main.o
    0x08001268   0x000002f8   Code   RO          901    i.SD_GetCardInfo    bsp_sdio_sdcard.o
    0x08001560   0x0000001a   Code   RO          903    i.SD_GetState       bsp_sdio_sdcard.o
    0x0800157a   0x0000001e   Code   RO          904    i.SD_GetStatus      bsp_sdio_sdcard.o
    0x08001598   0x00000164   Code   RO          906    i.SD_Init           bsp_sdio_sdcard.o
    0x080016fc   0x0000013c   Code   RO          907    i.SD_InitializeCards  bsp_sdio_sdcard.o
    0x08001838   0x00000148   Code   RO          143    i.SD_MultiBlockTest  main.o
    0x08001980   0x0000023c   Code   RO          909    i.SD_PowerON        bsp_sdio_sdcard.o
    0x08001bbc   0x00000058   Code   RO          910    i.SD_ProcessIRQSrc  bsp_sdio_sdcard.o
    0x08001c14   0x000000dc   Code   RO          911    i.SD_ReadBlock      bsp_sdio_sdcard.o
    0x08001cf0   0x000000e8   Code   RO          912    i.SD_ReadMultiBlocks  bsp_sdio_sdcard.o
    0x08001dd8   0x00000034   Code   RO          913    i.SD_SelectDeselect  bsp_sdio_sdcard.o
    0x08001e0c   0x00000038   Code   RO          915    i.SD_SendStatus     bsp_sdio_sdcard.o
    0x08001e44   0x000000d0   Code   RO          144    i.SD_SingleBlockTest  main.o
    0x08001f14   0x00000050   Code   RO          917    i.SD_WaitReadOperation  bsp_sdio_sdcard.o
    0x08001f64   0x0000003c   Code   RO          918    i.SD_WaitWriteOperation  bsp_sdio_sdcard.o
    0x08001fa0   0x000000dc   Code   RO          919    i.SD_WriteBlock     bsp_sdio_sdcard.o
    0x0800207c   0x00000148   Code   RO          920    i.SD_WriteMultiBlocks  bsp_sdio_sdcard.o
    0x080021c4   0x00000002   Code   RO          252    i.SVC_Handler       stm32f10x_it.o
    0x080021c6   0x00000008   Code   RO           24    i.SetSysClock       system_stm32f10x.o
    0x080021ce   0x00000002   PAD
    0x080021d0   0x000000dc   Code   RO           25    i.SetSysClockTo72   system_stm32f10x.o
    0x080022ac   0x00000002   Code   RO          253    i.SysTick_Handler   stm32f10x_it.o
    0x080022ae   0x00000002   PAD
    0x080022b0   0x00000060   Code   RO           27    i.SystemInit        system_stm32f10x.o
    0x08002310   0x0000007c   Code   RO         1117    i.USART1_Config     bsp_usart1.o
    0x0800238c   0x00000018   Code   RO          700    i.USART_Cmd         stm32f10x_usart.o
    0x080023a4   0x0000001a   Code   RO          703    i.USART_GetFlagStatus  stm32f10x_usart.o
    0x080023be   0x00000002   PAD
    0x080023c0   0x000000d8   Code   RO          707    i.USART_Init        stm32f10x_usart.o
    0x08002498   0x00000008   Code   RO          717    i.USART_SendData    stm32f10x_usart.o
    0x080024a0   0x00000004   Code   RO          254    i.UsageFault_Handler  stm32f10x_it.o
    0x080024a4   0x00000020   Code   RO         1469    i.__0printf$1       mc_w.l(printf1.o)
    0x080024c4   0x0000000e   Code   RO         1727    i.__scatterload_copy  mc_w.l(handlers.o)
    0x080024d2   0x00000002   Code   RO         1728    i.__scatterload_null  mc_w.l(handlers.o)
    0x080024d4   0x0000000e   Code   RO         1729    i.__scatterload_zeroinit  mc_w.l(handlers.o)
    0x080024e2   0x00000002   PAD
    0x080024e4   0x00000154   Code   RO         1476    i._printf_core      mc_w.l(printf1.o)
    0x08002638   0x00000020   Code   RO          145    i.eBuffercmp        main.o
    0x08002658   0x00000024   Code   RO         1119    i.fputc             bsp_usart1.o
    0x0800267c   0x000001b4   Code   RO          146    i.main              main.o
    0x08002830   0x00000020   Data   RO         1725    Region$$Table       anon$$obj.o


    Execution Region ER_RW (Base: 0x20000000, Size: 0x00000044, Max: 0xffffffff, ABSOLUTE)

    Base Addr    Size         Type   Attr      Idx    E Section Name        Object

    0x20000000   0x00000015   Data   RW          148    .data               main.o
    0x20000015   0x00000014   Data   RW          520    .data               stm32f10x_rcc.o
    0x20000029   0x00000003   PAD
    0x2000002c   0x00000014   Data   RW          923    .data               bsp_sdio_sdcard.o
    0x20000040   0x00000004   Data   RW         1699    .data               mc_w.l(stdout.o)


    Execution Region ER_ZI (Base: 0x20000044, Size: 0x000094d4, Max: 0xffffffff, ABSOLUTE)

    Base Addr    Size         Type   Attr      Idx    E Section Name        Object

    0x20000044   0x0000900c   Zero   RW          147    .bss                main.o
    0x20009050   0x000000c4   Zero   RW          922    .bss                bsp_sdio_sdcard.o
    0x20009114   0x00000004   PAD
    0x20009118   0x00000400   Zero   RW            1    STACK               startup_stm32f10x_hd.o


==============================================================================

Image component sizes


      Code (inc. data)   RO Data    RW Data    ZI Data      Debug   Object Name

      6148       1084          0         20        196      28391   bsp_sdio_sdcard.o
       160         14          0          0          0       1304   bsp_usart1.o
         0          0          0          0          0       4232   core_cm3.o
      1274        584          0         21      36876     218304   main.o
       136         24          0          0          0       1755   misc.o
        36          8        304          0       1024        880   startup_stm32f10x_hd.o
       156         20          0          0          0       4257   stm32f10x_dma.o
       274          0          0          0          0       2092   stm32f10x_gpio.o
        34          0          0          0          0       5048   stm32f10x_it.o
       276         32          0         20          0       4797   stm32f10x_rcc.o
       372         86          0          0          0      10819   stm32f10x_sdio.o
       274          6          0          0          0       4352   stm32f10x_usart.o
       324         26          0          0          0      45029   system_stm32f10x.o

    ----------------------------------------------------------------------
      9480       1884        336         64      38100     331260   Object Totals
         0          0         32          0          0          0   (incl. Generated)
        16          0          0          3          4          0   (incl. Padding)

    ----------------------------------------------------------------------

      Code (inc. data)   RO Data    RW Data    ZI Data      Debug   Library Member Name

         0          0          0          0          0          0   entry.o
         0          0          0          0          0          0   entry10a.o
         0          0          0          0          0          0   entry11a.o
         8          4          0          0          0          0   entry2.o
         4          0          0          0          0          0   entry5.o
         0          0          0          0          0          0   entry7b.o
         0          0          0          0          0          0   entry8b.o
         8          4          0          0          0          0   entry9a.o
        30          0          0          0          0          0   handlers.o
        36          8          0          0          0         68   init.o
       372         16          0          0          0        180   printf1.o
         0          0          0          4          0          0   stdout.o
        44          0          0          0          0         80   uidiv.o

    ----------------------------------------------------------------------
       504         32          0          4          0        328   Library Totals
         2          0          0          0          0          0   (incl. Padding)

    ----------------------------------------------------------------------

      Code (inc. data)   RO Data    RW Data    ZI Data      Debug   Library Name

       502         32          0          4          0        328   mc_w.l

    ----------------------------------------------------------------------
       504         32          0          4          0        328   Library Totals

    ----------------------------------------------------------------------

==============================================================================


      Code (inc. data)   RO Data    RW Data    ZI Data      Debug   

      9984       1916        336         68      38100     327480   Grand Totals
      9984       1916        336         68      38100     327480   ELF Image Totals
      9984       1916        336         68          0          0   ROM Totals

==============================================================================

    Total RO  Size (Code + RO Data)                10320 (  10.08kB)
    Total RW  Size (RW Data + ZI Data)             38168 (  37.27kB)
    Total ROM Size (Code + RO Data + RW Data)      10388 (  10.14kB)

==============================================================================

