<html>
<body>
<pre>
<h1>µVision Build Log</h1>
<h2>Project:</h2>
E:\≥Ã–Ú±‡–¥\2\Project\RVMDK( uv4)\2.uvproj
Project File Date:  <unknown>

<h2>Output:</h2>
Build target '2'
assembling startup_stm32f10x_hd.s...
compiling core_cm3.c...
core_cm3.c: Error: command-line:  #992: invalid macro definition: STM32F10X.HD
"..\..\Output\2.axf" - 1 Errors, 0 Warning(s).
Target not created
Rebuild target '2'
assembling startup_stm32f10x_hd.s...
compiling core_cm3.c...
compiling system_stm32f10x.c...
compiling main.c...
compiling stm32f10x_it.c...
compiling misc.c...
compiling stm32f10x_gpio.c...
compiling stm32f10x_rcc.c...
linking...
Program Size: Code=480 RO-data=320 RW-data=0 ZI-data=1024  
FromELF: creating hex file...
"..\..\Output\2.axf" - 0 Errors, 0 Warning(s).
